[2026/01/14 18:41:44] ppcls INFO: 
===========================================================
==        PaddleClas is powered by PaddlePaddle !        ==
===========================================================
==                                                       ==
==   For more info please go to the following website.   ==
==                                                       ==
==       https://github.com/PaddlePaddle/PaddleClas      ==
===========================================================

[2026/01/14 18:41:44] ppcls INFO: Global : 
[2026/01/14 18:41:44] ppcls INFO:     checkpoints : None
[2026/01/14 18:41:44] ppcls INFO:     pretrained_model : None
[2026/01/14 18:41:44] ppcls INFO:     output_dir : ./output/
[2026/01/14 18:41:44] ppcls INFO:     device : gpu
[2026/01/14 18:41:44] ppcls INFO:     save_interval : 1
[2026/01/14 18:41:44] ppcls INFO:     eval_during_train : True
[2026/01/14 18:41:44] ppcls INFO:     eval_interval : 1
[2026/01/14 18:41:44] ppcls INFO:     epochs : 120
[2026/01/14 18:41:44] ppcls INFO:     print_batch_step : 10
[2026/01/14 18:41:44] ppcls INFO:     use_visualdl : False
[2026/01/14 18:41:44] ppcls INFO:     image_shape : [3, 224, 224]
[2026/01/14 18:41:44] ppcls INFO:     save_inference_dir : ./inference
[2026/01/14 18:41:44] ppcls INFO: ------------------------------------------------------------
[2026/01/14 18:41:44] ppcls INFO: AMP : 
[2026/01/14 18:41:44] ppcls INFO:     use_amp : False
[2026/01/14 18:41:44] ppcls INFO:     use_fp16_test : False
[2026/01/14 18:41:44] ppcls INFO:     scale_loss : 128.0
[2026/01/14 18:41:44] ppcls INFO:     use_dynamic_loss_scaling : True
[2026/01/14 18:41:44] ppcls INFO:     use_promote : False
[2026/01/14 18:41:44] ppcls INFO:     level : O1
[2026/01/14 18:41:44] ppcls INFO: ------------------------------------------------------------
[2026/01/14 18:41:44] ppcls INFO: Arch : 
[2026/01/14 18:41:44] ppcls INFO:     name : ResNet18
[2026/01/14 18:41:44] ppcls INFO:     class_num : 1000
[2026/01/14 18:41:44] ppcls INFO: ------------------------------------------------------------
[2026/01/14 18:41:44] ppcls INFO: Loss : 
[2026/01/14 18:41:44] ppcls INFO:     Train : 
[2026/01/14 18:41:44] ppcls INFO:         CELoss : 
[2026/01/14 18:41:44] ppcls INFO:             weight : 1.0
[2026/01/14 18:41:44] ppcls INFO:     Eval : 
[2026/01/14 18:41:44] ppcls INFO:         CELoss : 
[2026/01/14 18:41:44] ppcls INFO:             weight : 1.0
[2026/01/14 18:41:44] ppcls INFO: ------------------------------------------------------------
[2026/01/14 18:41:44] ppcls INFO: Optimizer : 
[2026/01/14 18:41:44] ppcls INFO:     name : Momentum
[2026/01/14 18:41:44] ppcls INFO:     momentum : 0.9
[2026/01/14 18:41:44] ppcls INFO:     lr : 
[2026/01/14 18:41:44] ppcls INFO:         name : Piecewise
[2026/01/14 18:41:44] ppcls INFO:         learning_rate : 0.1
[2026/01/14 18:41:44] ppcls INFO:         decay_epochs : [30, 60, 90]
[2026/01/14 18:41:44] ppcls INFO:         values : [0.1, 0.01, 0.001, 0.0001]
[2026/01/14 18:41:44] ppcls INFO:     regularizer : 
[2026/01/14 18:41:44] ppcls INFO:         name : L2
[2026/01/14 18:41:44] ppcls INFO:         coeff : 0.0001
[2026/01/14 18:41:44] ppcls INFO: ------------------------------------------------------------
[2026/01/14 18:41:44] ppcls INFO: DataLoader : 
[2026/01/14 18:41:44] ppcls INFO:     Train : 
[2026/01/14 18:41:44] ppcls INFO:         dataset : 
[2026/01/14 18:41:44] ppcls INFO:             name : ImageNetDataset
[2026/01/14 18:41:44] ppcls INFO:             image_root : /data
[2026/01/14 18:41:44] ppcls INFO:             cls_label_path : /data/train.txt
[2026/01/14 18:41:44] ppcls INFO:             transform_ops : 
[2026/01/14 18:41:44] ppcls INFO:                 DecodeImage : 
[2026/01/14 18:41:44] ppcls INFO:                     to_rgb : True
[2026/01/14 18:41:44] ppcls INFO:                     channel_first : False
[2026/01/14 18:41:44] ppcls INFO:                 RandCropImage : 
[2026/01/14 18:41:44] ppcls INFO:                     size : 224
[2026/01/14 18:41:44] ppcls INFO:                 RandFlipImage : 
[2026/01/14 18:41:44] ppcls INFO:                     flip_code : 1
[2026/01/14 18:41:44] ppcls INFO:                 NormalizeImage : 
[2026/01/14 18:41:44] ppcls INFO:                     scale : 1.0/255.0
[2026/01/14 18:41:44] ppcls INFO:                     mean : [0.485, 0.456, 0.406]
[2026/01/14 18:41:44] ppcls INFO:                     std : [0.229, 0.224, 0.225]
[2026/01/14 18:41:44] ppcls INFO:                     order : 
[2026/01/14 18:41:44] ppcls INFO:         sampler : 
[2026/01/14 18:41:44] ppcls INFO:             name : DistributedBatchSampler
[2026/01/14 18:41:44] ppcls INFO:             batch_size : 64
[2026/01/14 18:41:44] ppcls INFO:             drop_last : False
[2026/01/14 18:41:44] ppcls INFO:             shuffle : True
[2026/01/14 18:41:44] ppcls INFO:         loader : 
[2026/01/14 18:41:44] ppcls INFO:             num_workers : 4
[2026/01/14 18:41:44] ppcls INFO:             use_shared_memory : True
[2026/01/14 18:41:44] ppcls INFO:     Eval : 
[2026/01/14 18:41:44] ppcls INFO:         dataset : 
[2026/01/14 18:41:44] ppcls INFO:             name : ImageNetDataset
[2026/01/14 18:41:44] ppcls INFO:             image_root : /data
[2026/01/14 18:41:44] ppcls INFO:             cls_label_path : /data/val.txt
[2026/01/14 18:41:44] ppcls INFO:             transform_ops : 
[2026/01/14 18:41:44] ppcls INFO:                 DecodeImage : 
[2026/01/14 18:41:44] ppcls INFO:                     to_rgb : True
[2026/01/14 18:41:44] ppcls INFO:                     channel_first : False
[2026/01/14 18:41:44] ppcls INFO:                 ResizeImage : 
[2026/01/14 18:41:44] ppcls INFO:                     resize_short : 256
[2026/01/14 18:41:44] ppcls INFO:                 CropImage : 
[2026/01/14 18:41:44] ppcls INFO:                     size : 224
[2026/01/14 18:41:44] ppcls INFO:                 NormalizeImage : 
[2026/01/14 18:41:44] ppcls INFO:                     scale : 1.0/255.0
[2026/01/14 18:41:44] ppcls INFO:                     mean : [0.485, 0.456, 0.406]
[2026/01/14 18:41:44] ppcls INFO:                     std : [0.229, 0.224, 0.225]
[2026/01/14 18:41:44] ppcls INFO:                     order : 
[2026/01/14 18:41:44] ppcls INFO:         sampler : 
[2026/01/14 18:41:44] ppcls INFO:             name : DistributedBatchSampler
[2026/01/14 18:41:44] ppcls INFO:             batch_size : 64
[2026/01/14 18:41:44] ppcls INFO:             drop_last : False
[2026/01/14 18:41:44] ppcls INFO:             shuffle : False
[2026/01/14 18:41:44] ppcls INFO:         loader : 
[2026/01/14 18:41:44] ppcls INFO:             num_workers : 4
[2026/01/14 18:41:44] ppcls INFO:             use_shared_memory : True
[2026/01/14 18:41:44] ppcls INFO: ------------------------------------------------------------
[2026/01/14 18:41:44] ppcls INFO: Infer : 
[2026/01/14 18:41:44] ppcls INFO:     infer_imgs : docs/images/inference_deployment/whl_demo.jpg
[2026/01/14 18:41:44] ppcls INFO:     batch_size : 10
[2026/01/14 18:41:44] ppcls INFO:     transforms : 
[2026/01/14 18:41:44] ppcls INFO:         DecodeImage : 
[2026/01/14 18:41:44] ppcls INFO:             to_rgb : True
[2026/01/14 18:41:44] ppcls INFO:             channel_first : False
[2026/01/14 18:41:44] ppcls INFO:         ResizeImage : 
[2026/01/14 18:41:44] ppcls INFO:             resize_short : 256
[2026/01/14 18:41:44] ppcls INFO:         CropImage : 
[2026/01/14 18:41:44] ppcls INFO:             size : 224
[2026/01/14 18:41:44] ppcls INFO:         NormalizeImage : 
[2026/01/14 18:41:44] ppcls INFO:             scale : 1.0/255.0
[2026/01/14 18:41:44] ppcls INFO:             mean : [0.485, 0.456, 0.406]
[2026/01/14 18:41:44] ppcls INFO:             std : [0.229, 0.224, 0.225]
[2026/01/14 18:41:44] ppcls INFO:             order : 
[2026/01/14 18:41:44] ppcls INFO:         ToCHWImage : None
[2026/01/14 18:41:44] ppcls INFO:     PostProcess : 
[2026/01/14 18:41:44] ppcls INFO:         name : Topk
[2026/01/14 18:41:44] ppcls INFO:         topk : 5
[2026/01/14 18:41:44] ppcls INFO:         class_id_map_file : ppcls/utils/imagenet1k_label_list.txt
[2026/01/14 18:41:44] ppcls INFO: ------------------------------------------------------------
[2026/01/14 18:41:44] ppcls INFO: Metric : 
[2026/01/14 18:41:44] ppcls INFO:     Train : 
[2026/01/14 18:41:44] ppcls INFO:         TopkAcc : 
[2026/01/14 18:41:44] ppcls INFO:             topk : [1, 5]
[2026/01/14 18:41:44] ppcls INFO:     Eval : 
[2026/01/14 18:41:44] ppcls INFO:         TopkAcc : 
[2026/01/14 18:41:44] ppcls INFO:             topk : [1, 5]
[2026/01/14 18:41:44] ppcls INFO: ------------------------------------------------------------
[2026/01/14 18:41:44] ppcls INFO: profiler_options : None
[2026/01/14 18:41:44] ppcls INFO: train with paddle 2.6.2 and device Place(gpu:0)
[2026/01/14 19:07:12] ppcls INFO: 
===========================================================
==        PaddleClas is powered by PaddlePaddle !        ==
===========================================================
==                                                       ==
==   For more info please go to the following website.   ==
==                                                       ==
==       https://github.com/PaddlePaddle/PaddleClas      ==
===========================================================

[2026/01/14 19:07:12] ppcls INFO: Global : 
[2026/01/14 19:07:12] ppcls INFO:     checkpoints : None
[2026/01/14 19:07:12] ppcls INFO:     pretrained_model : None
[2026/01/14 19:07:12] ppcls INFO:     output_dir : ./output/
[2026/01/14 19:07:12] ppcls INFO:     device : gpu
[2026/01/14 19:07:12] ppcls INFO:     save_interval : 1
[2026/01/14 19:07:12] ppcls INFO:     eval_during_train : True
[2026/01/14 19:07:12] ppcls INFO:     eval_interval : 1
[2026/01/14 19:07:12] ppcls INFO:     epochs : 120
[2026/01/14 19:07:12] ppcls INFO:     print_batch_step : 10
[2026/01/14 19:07:12] ppcls INFO:     use_visualdl : False
[2026/01/14 19:07:12] ppcls INFO:     image_shape : [3, 224, 224]
[2026/01/14 19:07:12] ppcls INFO:     save_inference_dir : ./inference
[2026/01/14 19:07:12] ppcls INFO: ------------------------------------------------------------
[2026/01/14 19:07:12] ppcls INFO: AMP : 
[2026/01/14 19:07:12] ppcls INFO:     use_amp : False
[2026/01/14 19:07:12] ppcls INFO:     use_fp16_test : False
[2026/01/14 19:07:12] ppcls INFO:     scale_loss : 128.0
[2026/01/14 19:07:12] ppcls INFO:     use_dynamic_loss_scaling : True
[2026/01/14 19:07:12] ppcls INFO:     use_promote : False
[2026/01/14 19:07:12] ppcls INFO:     level : O1
[2026/01/14 19:07:12] ppcls INFO: ------------------------------------------------------------
[2026/01/14 19:07:12] ppcls INFO: Arch : 
[2026/01/14 19:07:12] ppcls INFO:     name : ResNet18
[2026/01/14 19:07:12] ppcls INFO:     class_num : 1000
[2026/01/14 19:07:12] ppcls INFO: ------------------------------------------------------------
[2026/01/14 19:07:12] ppcls INFO: Loss : 
[2026/01/14 19:07:12] ppcls INFO:     Train : 
[2026/01/14 19:07:12] ppcls INFO:         CELoss : 
[2026/01/14 19:07:12] ppcls INFO:             weight : 1.0
[2026/01/14 19:07:12] ppcls INFO:     Eval : 
[2026/01/14 19:07:12] ppcls INFO:         CELoss : 
[2026/01/14 19:07:12] ppcls INFO:             weight : 1.0
[2026/01/14 19:07:12] ppcls INFO: ------------------------------------------------------------
[2026/01/14 19:07:12] ppcls INFO: Optimizer : 
[2026/01/14 19:07:12] ppcls INFO:     name : Momentum
[2026/01/14 19:07:12] ppcls INFO:     momentum : 0.9
[2026/01/14 19:07:12] ppcls INFO:     lr : 
[2026/01/14 19:07:12] ppcls INFO:         name : Piecewise
[2026/01/14 19:07:12] ppcls INFO:         learning_rate : 0.1
[2026/01/14 19:07:12] ppcls INFO:         decay_epochs : [30, 60, 90]
[2026/01/14 19:07:12] ppcls INFO:         values : [0.1, 0.01, 0.001, 0.0001]
[2026/01/14 19:07:12] ppcls INFO:     regularizer : 
[2026/01/14 19:07:12] ppcls INFO:         name : L2
[2026/01/14 19:07:12] ppcls INFO:         coeff : 0.0001
[2026/01/14 19:07:12] ppcls INFO: ------------------------------------------------------------
[2026/01/14 19:07:12] ppcls INFO: DataLoader : 
[2026/01/14 19:07:12] ppcls INFO:     Train : 
[2026/01/14 19:07:12] ppcls INFO:         dataset : 
[2026/01/14 19:07:12] ppcls INFO:             name : ImageNetDataset
[2026/01/14 19:07:12] ppcls INFO:             image_root : /data
[2026/01/14 19:07:12] ppcls INFO:             cls_label_path : /data/train.txt
[2026/01/14 19:07:12] ppcls INFO:             transform_ops : 
[2026/01/14 19:07:12] ppcls INFO:                 DecodeImage : 
[2026/01/14 19:07:12] ppcls INFO:                     to_rgb : True
[2026/01/14 19:07:12] ppcls INFO:                     channel_first : False
[2026/01/14 19:07:12] ppcls INFO:                 RandCropImage : 
[2026/01/14 19:07:12] ppcls INFO:                     size : 224
[2026/01/14 19:07:12] ppcls INFO:                 RandFlipImage : 
[2026/01/14 19:07:12] ppcls INFO:                     flip_code : 1
[2026/01/14 19:07:12] ppcls INFO:                 NormalizeImage : 
[2026/01/14 19:07:12] ppcls INFO:                     scale : 1.0/255.0
[2026/01/14 19:07:12] ppcls INFO:                     mean : [0.485, 0.456, 0.406]
[2026/01/14 19:07:12] ppcls INFO:                     std : [0.229, 0.224, 0.225]
[2026/01/14 19:07:12] ppcls INFO:                     order : 
[2026/01/14 19:07:12] ppcls INFO:         sampler : 
[2026/01/14 19:07:12] ppcls INFO:             name : DistributedBatchSampler
[2026/01/14 19:07:12] ppcls INFO:             batch_size : 64
[2026/01/14 19:07:12] ppcls INFO:             drop_last : False
[2026/01/14 19:07:12] ppcls INFO:             shuffle : True
[2026/01/14 19:07:12] ppcls INFO:         loader : 
[2026/01/14 19:07:12] ppcls INFO:             num_workers : 4
[2026/01/14 19:07:12] ppcls INFO:             use_shared_memory : True
[2026/01/14 19:07:12] ppcls INFO:     Eval : 
[2026/01/14 19:07:12] ppcls INFO:         dataset : 
[2026/01/14 19:07:12] ppcls INFO:             name : ImageNetDataset
[2026/01/14 19:07:12] ppcls INFO:             image_root : /data
[2026/01/14 19:07:12] ppcls INFO:             cls_label_path : /data/val.txt
[2026/01/14 19:07:12] ppcls INFO:             transform_ops : 
[2026/01/14 19:07:12] ppcls INFO:                 DecodeImage : 
[2026/01/14 19:07:12] ppcls INFO:                     to_rgb : True
[2026/01/14 19:07:12] ppcls INFO:                     channel_first : False
[2026/01/14 19:07:12] ppcls INFO:                 ResizeImage : 
[2026/01/14 19:07:12] ppcls INFO:                     resize_short : 256
[2026/01/14 19:07:12] ppcls INFO:                 CropImage : 
[2026/01/14 19:07:12] ppcls INFO:                     size : 224
[2026/01/14 19:07:12] ppcls INFO:                 NormalizeImage : 
[2026/01/14 19:07:12] ppcls INFO:                     scale : 1.0/255.0
[2026/01/14 19:07:12] ppcls INFO:                     mean : [0.485, 0.456, 0.406]
[2026/01/14 19:07:12] ppcls INFO:                     std : [0.229, 0.224, 0.225]
[2026/01/14 19:07:12] ppcls INFO:                     order : 
[2026/01/14 19:07:12] ppcls INFO:         sampler : 
[2026/01/14 19:07:12] ppcls INFO:             name : DistributedBatchSampler
[2026/01/14 19:07:12] ppcls INFO:             batch_size : 64
[2026/01/14 19:07:12] ppcls INFO:             drop_last : False
[2026/01/14 19:07:12] ppcls INFO:             shuffle : False
[2026/01/14 19:07:12] ppcls INFO:         loader : 
[2026/01/14 19:07:12] ppcls INFO:             num_workers : 4
[2026/01/14 19:07:12] ppcls INFO:             use_shared_memory : True
[2026/01/14 19:07:12] ppcls INFO: ------------------------------------------------------------
[2026/01/14 19:07:12] ppcls INFO: Infer : 
[2026/01/14 19:07:12] ppcls INFO:     infer_imgs : docs/images/inference_deployment/whl_demo.jpg
[2026/01/14 19:07:12] ppcls INFO:     batch_size : 10
[2026/01/14 19:07:12] ppcls INFO:     transforms : 
[2026/01/14 19:07:12] ppcls INFO:         DecodeImage : 
[2026/01/14 19:07:12] ppcls INFO:             to_rgb : True
[2026/01/14 19:07:12] ppcls INFO:             channel_first : False
[2026/01/14 19:07:12] ppcls INFO:         ResizeImage : 
[2026/01/14 19:07:12] ppcls INFO:             resize_short : 256
[2026/01/14 19:07:12] ppcls INFO:         CropImage : 
[2026/01/14 19:07:12] ppcls INFO:             size : 224
[2026/01/14 19:07:12] ppcls INFO:         NormalizeImage : 
[2026/01/14 19:07:12] ppcls INFO:             scale : 1.0/255.0
[2026/01/14 19:07:12] ppcls INFO:             mean : [0.485, 0.456, 0.406]
[2026/01/14 19:07:12] ppcls INFO:             std : [0.229, 0.224, 0.225]
[2026/01/14 19:07:12] ppcls INFO:             order : 
[2026/01/14 19:07:12] ppcls INFO:         ToCHWImage : None
[2026/01/14 19:07:12] ppcls INFO:     PostProcess : 
[2026/01/14 19:07:12] ppcls INFO:         name : Topk
[2026/01/14 19:07:12] ppcls INFO:         topk : 5
[2026/01/14 19:07:12] ppcls INFO:         class_id_map_file : ppcls/utils/imagenet1k_label_list.txt
[2026/01/14 19:07:12] ppcls INFO: ------------------------------------------------------------
[2026/01/14 19:07:12] ppcls INFO: Metric : 
[2026/01/14 19:07:12] ppcls INFO:     Train : 
[2026/01/14 19:07:12] ppcls INFO:         TopkAcc : 
[2026/01/14 19:07:12] ppcls INFO:             topk : [1, 5]
[2026/01/14 19:07:12] ppcls INFO:     Eval : 
[2026/01/14 19:07:12] ppcls INFO:         TopkAcc : 
[2026/01/14 19:07:12] ppcls INFO:             topk : [1, 5]
[2026/01/14 19:07:12] ppcls INFO: ------------------------------------------------------------
[2026/01/14 19:07:12] ppcls INFO: profiler_options : None
[2026/01/14 19:07:12] ppcls INFO: train with paddle 2.6.2 and device Place(gpu:0)
[2026/01/14 19:23:27] ppcls INFO: 
===========================================================
==        PaddleClas is powered by PaddlePaddle !        ==
===========================================================
==                                                       ==
==   For more info please go to the following website.   ==
==                                                       ==
==       https://github.com/PaddlePaddle/PaddleClas      ==
===========================================================

[2026/01/14 19:23:27] ppcls INFO: Global : 
[2026/01/14 19:23:27] ppcls INFO:     checkpoints : None
[2026/01/14 19:23:27] ppcls INFO:     pretrained_model : None
[2026/01/14 19:23:27] ppcls INFO:     output_dir : ./output/
[2026/01/14 19:23:27] ppcls INFO:     device : gpu
[2026/01/14 19:23:27] ppcls INFO:     save_interval : 1
[2026/01/14 19:23:27] ppcls INFO:     eval_during_train : True
[2026/01/14 19:23:27] ppcls INFO:     eval_interval : 1
[2026/01/14 19:23:27] ppcls INFO:     epochs : 120
[2026/01/14 19:23:27] ppcls INFO:     print_batch_step : 10
[2026/01/14 19:23:27] ppcls INFO:     use_visualdl : False
[2026/01/14 19:23:27] ppcls INFO:     image_shape : [3, 224, 224]
[2026/01/14 19:23:27] ppcls INFO:     save_inference_dir : ./inference
[2026/01/14 19:23:27] ppcls INFO: ------------------------------------------------------------
[2026/01/14 19:23:27] ppcls INFO: AMP : 
[2026/01/14 19:23:27] ppcls INFO:     use_amp : False
[2026/01/14 19:23:27] ppcls INFO:     use_fp16_test : False
[2026/01/14 19:23:27] ppcls INFO:     scale_loss : 128.0
[2026/01/14 19:23:27] ppcls INFO:     use_dynamic_loss_scaling : True
[2026/01/14 19:23:27] ppcls INFO:     use_promote : False
[2026/01/14 19:23:27] ppcls INFO:     level : O1
[2026/01/14 19:23:27] ppcls INFO: ------------------------------------------------------------
[2026/01/14 19:23:27] ppcls INFO: Arch : 
[2026/01/14 19:23:27] ppcls INFO:     name : ResNet18
[2026/01/14 19:23:27] ppcls INFO:     class_num : 4
[2026/01/14 19:23:27] ppcls INFO: ------------------------------------------------------------
[2026/01/14 19:23:27] ppcls INFO: Loss : 
[2026/01/14 19:23:27] ppcls INFO:     Train : 
[2026/01/14 19:23:27] ppcls INFO:         CELoss : 
[2026/01/14 19:23:27] ppcls INFO:             weight : 1.0
[2026/01/14 19:23:27] ppcls INFO:     Eval : 
[2026/01/14 19:23:27] ppcls INFO:         CELoss : 
[2026/01/14 19:23:27] ppcls INFO:             weight : 1.0
[2026/01/14 19:23:27] ppcls INFO: ------------------------------------------------------------
[2026/01/14 19:23:27] ppcls INFO: Optimizer : 
[2026/01/14 19:23:27] ppcls INFO:     name : Momentum
[2026/01/14 19:23:27] ppcls INFO:     momentum : 0.9
[2026/01/14 19:23:27] ppcls INFO:     lr : 
[2026/01/14 19:23:27] ppcls INFO:         name : Piecewise
[2026/01/14 19:23:27] ppcls INFO:         learning_rate : 0.1
[2026/01/14 19:23:27] ppcls INFO:         decay_epochs : [30, 60, 90]
[2026/01/14 19:23:27] ppcls INFO:         values : [0.1, 0.01, 0.001, 0.0001]
[2026/01/14 19:23:27] ppcls INFO:     regularizer : 
[2026/01/14 19:23:27] ppcls INFO:         name : L2
[2026/01/14 19:23:27] ppcls INFO:         coeff : 0.0001
[2026/01/14 19:23:27] ppcls INFO: ------------------------------------------------------------
[2026/01/14 19:23:27] ppcls INFO: DataLoader : 
[2026/01/14 19:23:27] ppcls INFO:     Train : 
[2026/01/14 19:23:27] ppcls INFO:         dataset : 
[2026/01/14 19:23:27] ppcls INFO:             name : ImageNetDataset
[2026/01/14 19:23:27] ppcls INFO:             image_root : /data
[2026/01/14 19:23:27] ppcls INFO:             cls_label_path : /data/train.txt
[2026/01/14 19:23:27] ppcls INFO:             transform_ops : 
[2026/01/14 19:23:27] ppcls INFO:                 DecodeImage : 
[2026/01/14 19:23:27] ppcls INFO:                     to_rgb : True
[2026/01/14 19:23:27] ppcls INFO:                     channel_first : False
[2026/01/14 19:23:27] ppcls INFO:                 RandCropImage : 
[2026/01/14 19:23:27] ppcls INFO:                     size : 224
[2026/01/14 19:23:27] ppcls INFO:                 RandFlipImage : 
[2026/01/14 19:23:27] ppcls INFO:                     flip_code : 1
[2026/01/14 19:23:27] ppcls INFO:                 NormalizeImage : 
[2026/01/14 19:23:27] ppcls INFO:                     scale : 1.0/255.0
[2026/01/14 19:23:27] ppcls INFO:                     mean : [0.485, 0.456, 0.406]
[2026/01/14 19:23:27] ppcls INFO:                     std : [0.229, 0.224, 0.225]
[2026/01/14 19:23:27] ppcls INFO:                     order : 
[2026/01/14 19:23:27] ppcls INFO:         sampler : 
[2026/01/14 19:23:27] ppcls INFO:             name : DistributedBatchSampler
[2026/01/14 19:23:27] ppcls INFO:             batch_size : 64
[2026/01/14 19:23:27] ppcls INFO:             drop_last : False
[2026/01/14 19:23:27] ppcls INFO:             shuffle : True
[2026/01/14 19:23:27] ppcls INFO:         loader : 
[2026/01/14 19:23:27] ppcls INFO:             num_workers : 4
[2026/01/14 19:23:27] ppcls INFO:             use_shared_memory : True
[2026/01/14 19:23:27] ppcls INFO:     Eval : 
[2026/01/14 19:23:27] ppcls INFO:         dataset : 
[2026/01/14 19:23:27] ppcls INFO:             name : ImageNetDataset
[2026/01/14 19:23:27] ppcls INFO:             image_root : /data
[2026/01/14 19:23:27] ppcls INFO:             cls_label_path : /data/val.txt
[2026/01/14 19:23:27] ppcls INFO:             transform_ops : 
[2026/01/14 19:23:27] ppcls INFO:                 DecodeImage : 
[2026/01/14 19:23:27] ppcls INFO:                     to_rgb : True
[2026/01/14 19:23:27] ppcls INFO:                     channel_first : False
[2026/01/14 19:23:27] ppcls INFO:                 ResizeImage : 
[2026/01/14 19:23:27] ppcls INFO:                     resize_short : 256
[2026/01/14 19:23:27] ppcls INFO:                 CropImage : 
[2026/01/14 19:23:27] ppcls INFO:                     size : 224
[2026/01/14 19:23:27] ppcls INFO:                 NormalizeImage : 
[2026/01/14 19:23:27] ppcls INFO:                     scale : 1.0/255.0
[2026/01/14 19:23:27] ppcls INFO:                     mean : [0.485, 0.456, 0.406]
[2026/01/14 19:23:27] ppcls INFO:                     std : [0.229, 0.224, 0.225]
[2026/01/14 19:23:27] ppcls INFO:                     order : 
[2026/01/14 19:23:27] ppcls INFO:         sampler : 
[2026/01/14 19:23:27] ppcls INFO:             name : DistributedBatchSampler
[2026/01/14 19:23:27] ppcls INFO:             batch_size : 64
[2026/01/14 19:23:27] ppcls INFO:             drop_last : False
[2026/01/14 19:23:27] ppcls INFO:             shuffle : False
[2026/01/14 19:23:27] ppcls INFO:         loader : 
[2026/01/14 19:23:27] ppcls INFO:             num_workers : 4
[2026/01/14 19:23:27] ppcls INFO:             use_shared_memory : True
[2026/01/14 19:23:27] ppcls INFO: ------------------------------------------------------------
[2026/01/14 19:23:27] ppcls INFO: Infer : 
[2026/01/14 19:23:27] ppcls INFO:     infer_imgs : docs/images/inference_deployment/whl_demo.jpg
[2026/01/14 19:23:27] ppcls INFO:     batch_size : 10
[2026/01/14 19:23:27] ppcls INFO:     transforms : 
[2026/01/14 19:23:27] ppcls INFO:         DecodeImage : 
[2026/01/14 19:23:27] ppcls INFO:             to_rgb : True
[2026/01/14 19:23:27] ppcls INFO:             channel_first : False
[2026/01/14 19:23:27] ppcls INFO:         ResizeImage : 
[2026/01/14 19:23:27] ppcls INFO:             resize_short : 256
[2026/01/14 19:23:27] ppcls INFO:         CropImage : 
[2026/01/14 19:23:27] ppcls INFO:             size : 224
[2026/01/14 19:23:27] ppcls INFO:         NormalizeImage : 
[2026/01/14 19:23:27] ppcls INFO:             scale : 1.0/255.0
[2026/01/14 19:23:27] ppcls INFO:             mean : [0.485, 0.456, 0.406]
[2026/01/14 19:23:27] ppcls INFO:             std : [0.229, 0.224, 0.225]
[2026/01/14 19:23:27] ppcls INFO:             order : 
[2026/01/14 19:23:27] ppcls INFO:         ToCHWImage : None
[2026/01/14 19:23:27] ppcls INFO:     PostProcess : 
[2026/01/14 19:23:27] ppcls INFO:         name : Topk
[2026/01/14 19:23:27] ppcls INFO:         topk : 5
[2026/01/14 19:23:27] ppcls INFO:         class_id_map_file : ppcls/utils/imagenet1k_label_list.txt
[2026/01/14 19:23:27] ppcls INFO: ------------------------------------------------------------
[2026/01/14 19:23:27] ppcls INFO: Metric : 
[2026/01/14 19:23:27] ppcls INFO:     Train : 
[2026/01/14 19:23:27] ppcls INFO:         TopkAcc : 
[2026/01/14 19:23:27] ppcls INFO:             topk : [1, 5]
[2026/01/14 19:23:27] ppcls INFO:     Eval : 
[2026/01/14 19:23:27] ppcls INFO:         TopkAcc : 
[2026/01/14 19:23:27] ppcls INFO:             topk : [1, 5]
[2026/01/14 19:23:27] ppcls INFO: ------------------------------------------------------------
[2026/01/14 19:23:27] ppcls INFO: profiler_options : None
[2026/01/14 19:23:27] ppcls INFO: train with paddle 2.6.2 and device Place(gpu:0)
[2026/01/15 03:26:03] ppcls INFO: 
===========================================================
==        PaddleClas is powered by PaddlePaddle !        ==
===========================================================
==                                                       ==
==   For more info please go to the following website.   ==
==                                                       ==
==       https://github.com/PaddlePaddle/PaddleClas      ==
===========================================================

[2026/01/15 03:26:03] ppcls INFO: Global : 
[2026/01/15 03:26:03] ppcls INFO:     checkpoints : None
[2026/01/15 03:26:03] ppcls INFO:     pretrained_model : None
[2026/01/15 03:26:03] ppcls INFO:     output_dir : ./output/
[2026/01/15 03:26:03] ppcls INFO:     device : gpu
[2026/01/15 03:26:03] ppcls INFO:     save_interval : 1
[2026/01/15 03:26:03] ppcls INFO:     eval_during_train : True
[2026/01/15 03:26:03] ppcls INFO:     eval_interval : 1
[2026/01/15 03:26:03] ppcls INFO:     epochs : 120
[2026/01/15 03:26:03] ppcls INFO:     print_batch_step : 10
[2026/01/15 03:26:03] ppcls INFO:     use_visualdl : False
[2026/01/15 03:26:03] ppcls INFO:     image_shape : [3, 224, 224]
[2026/01/15 03:26:03] ppcls INFO:     save_inference_dir : ./inference
[2026/01/15 03:26:03] ppcls INFO: ------------------------------------------------------------
[2026/01/15 03:26:03] ppcls INFO: AMP : 
[2026/01/15 03:26:03] ppcls INFO:     use_amp : False
[2026/01/15 03:26:03] ppcls INFO:     use_fp16_test : False
[2026/01/15 03:26:03] ppcls INFO:     scale_loss : 128.0
[2026/01/15 03:26:03] ppcls INFO:     use_dynamic_loss_scaling : True
[2026/01/15 03:26:03] ppcls INFO:     use_promote : False
[2026/01/15 03:26:03] ppcls INFO:     level : O1
[2026/01/15 03:26:03] ppcls INFO: ------------------------------------------------------------
[2026/01/15 03:26:03] ppcls INFO: Arch : 
[2026/01/15 03:26:03] ppcls INFO:     name : ResNet18
[2026/01/15 03:26:03] ppcls INFO:     class_num : 4
[2026/01/15 03:26:03] ppcls INFO: ------------------------------------------------------------
[2026/01/15 03:26:03] ppcls INFO: Loss : 
[2026/01/15 03:26:03] ppcls INFO:     Train : 
[2026/01/15 03:26:03] ppcls INFO:         CELoss : 
[2026/01/15 03:26:03] ppcls INFO:             weight : 1.0
[2026/01/15 03:26:03] ppcls INFO:     Eval : 
[2026/01/15 03:26:03] ppcls INFO:         CELoss : 
[2026/01/15 03:26:03] ppcls INFO:             weight : 1.0
[2026/01/15 03:26:03] ppcls INFO: ------------------------------------------------------------
[2026/01/15 03:26:03] ppcls INFO: Optimizer : 
[2026/01/15 03:26:03] ppcls INFO:     name : Momentum
[2026/01/15 03:26:03] ppcls INFO:     momentum : 0.9
[2026/01/15 03:26:03] ppcls INFO:     lr : 
[2026/01/15 03:26:03] ppcls INFO:         name : Piecewise
[2026/01/15 03:26:03] ppcls INFO:         learning_rate : 0.1
[2026/01/15 03:26:03] ppcls INFO:         decay_epochs : [30, 60, 90]
[2026/01/15 03:26:03] ppcls INFO:         values : [0.1, 0.01, 0.001, 0.0001]
[2026/01/15 03:26:03] ppcls INFO:     regularizer : 
[2026/01/15 03:26:03] ppcls INFO:         name : L2
[2026/01/15 03:26:03] ppcls INFO:         coeff : 0.0001
[2026/01/15 03:26:03] ppcls INFO: ------------------------------------------------------------
[2026/01/15 03:26:03] ppcls INFO: DataLoader : 
[2026/01/15 03:26:03] ppcls INFO:     Train : 
[2026/01/15 03:26:03] ppcls INFO:         dataset : 
[2026/01/15 03:26:03] ppcls INFO:             name : ImageNetDataset
[2026/01/15 03:26:03] ppcls INFO:             image_root : /data
[2026/01/15 03:26:03] ppcls INFO:             cls_label_path : /data/train.txt
[2026/01/15 03:26:03] ppcls INFO:             transform_ops : 
[2026/01/15 03:26:03] ppcls INFO:                 DecodeImage : 
[2026/01/15 03:26:03] ppcls INFO:                     to_rgb : True
[2026/01/15 03:26:03] ppcls INFO:                     channel_first : False
[2026/01/15 03:26:03] ppcls INFO:                 RandCropImage : 
[2026/01/15 03:26:03] ppcls INFO:                     size : 224
[2026/01/15 03:26:03] ppcls INFO:                 RandFlipImage : 
[2026/01/15 03:26:03] ppcls INFO:                     flip_code : 1
[2026/01/15 03:26:03] ppcls INFO:                 NormalizeImage : 
[2026/01/15 03:26:03] ppcls INFO:                     scale : 1.0/255.0
[2026/01/15 03:26:03] ppcls INFO:                     mean : [0.485, 0.456, 0.406]
[2026/01/15 03:26:03] ppcls INFO:                     std : [0.229, 0.224, 0.225]
[2026/01/15 03:26:03] ppcls INFO:                     order : 
[2026/01/15 03:26:03] ppcls INFO:         sampler : 
[2026/01/15 03:26:03] ppcls INFO:             name : DistributedBatchSampler
[2026/01/15 03:26:03] ppcls INFO:             batch_size : 64
[2026/01/15 03:26:03] ppcls INFO:             drop_last : False
[2026/01/15 03:26:03] ppcls INFO:             shuffle : True
[2026/01/15 03:26:03] ppcls INFO:         loader : 
[2026/01/15 03:26:03] ppcls INFO:             num_workers : 4
[2026/01/15 03:26:03] ppcls INFO:             use_shared_memory : True
[2026/01/15 03:26:03] ppcls INFO:     Eval : 
[2026/01/15 03:26:03] ppcls INFO:         dataset : 
[2026/01/15 03:26:03] ppcls INFO:             name : ImageNetDataset
[2026/01/15 03:26:03] ppcls INFO:             image_root : /data
[2026/01/15 03:26:03] ppcls INFO:             cls_label_path : /data/val.txt
[2026/01/15 03:26:03] ppcls INFO:             transform_ops : 
[2026/01/15 03:26:03] ppcls INFO:                 DecodeImage : 
[2026/01/15 03:26:03] ppcls INFO:                     to_rgb : True
[2026/01/15 03:26:03] ppcls INFO:                     channel_first : False
[2026/01/15 03:26:03] ppcls INFO:                 ResizeImage : 
[2026/01/15 03:26:03] ppcls INFO:                     resize_short : 256
[2026/01/15 03:26:03] ppcls INFO:                 CropImage : 
[2026/01/15 03:26:03] ppcls INFO:                     size : 224
[2026/01/15 03:26:03] ppcls INFO:                 NormalizeImage : 
[2026/01/15 03:26:03] ppcls INFO:                     scale : 1.0/255.0
[2026/01/15 03:26:03] ppcls INFO:                     mean : [0.485, 0.456, 0.406]
[2026/01/15 03:26:03] ppcls INFO:                     std : [0.229, 0.224, 0.225]
[2026/01/15 03:26:03] ppcls INFO:                     order : 
[2026/01/15 03:26:03] ppcls INFO:         sampler : 
[2026/01/15 03:26:03] ppcls INFO:             name : DistributedBatchSampler
[2026/01/15 03:26:03] ppcls INFO:             batch_size : 64
[2026/01/15 03:26:03] ppcls INFO:             drop_last : False
[2026/01/15 03:26:03] ppcls INFO:             shuffle : False
[2026/01/15 03:26:03] ppcls INFO:         loader : 
[2026/01/15 03:26:03] ppcls INFO:             num_workers : 4
[2026/01/15 03:26:03] ppcls INFO:             use_shared_memory : True
[2026/01/15 03:26:03] ppcls INFO: ------------------------------------------------------------
[2026/01/15 03:26:03] ppcls INFO: Infer : 
[2026/01/15 03:26:03] ppcls INFO:     infer_imgs : docs/images/inference_deployment/whl_demo.jpg
[2026/01/15 03:26:03] ppcls INFO:     batch_size : 10
[2026/01/15 03:26:03] ppcls INFO:     transforms : 
[2026/01/15 03:26:03] ppcls INFO:         DecodeImage : 
[2026/01/15 03:26:03] ppcls INFO:             to_rgb : True
[2026/01/15 03:26:03] ppcls INFO:             channel_first : False
[2026/01/15 03:26:03] ppcls INFO:         ResizeImage : 
[2026/01/15 03:26:03] ppcls INFO:             resize_short : 256
[2026/01/15 03:26:03] ppcls INFO:         CropImage : 
[2026/01/15 03:26:03] ppcls INFO:             size : 224
[2026/01/15 03:26:03] ppcls INFO:         NormalizeImage : 
[2026/01/15 03:26:03] ppcls INFO:             scale : 1.0/255.0
[2026/01/15 03:26:03] ppcls INFO:             mean : [0.485, 0.456, 0.406]
[2026/01/15 03:26:03] ppcls INFO:             std : [0.229, 0.224, 0.225]
[2026/01/15 03:26:03] ppcls INFO:             order : 
[2026/01/15 03:26:03] ppcls INFO:         ToCHWImage : None
[2026/01/15 03:26:03] ppcls INFO:     PostProcess : 
[2026/01/15 03:26:03] ppcls INFO:         name : Topk
[2026/01/15 03:26:03] ppcls INFO:         topk : 5
[2026/01/15 03:26:03] ppcls INFO:         class_id_map_file : ppcls/utils/imagenet1k_label_list.txt
[2026/01/15 03:26:03] ppcls INFO: ------------------------------------------------------------
[2026/01/15 03:26:03] ppcls INFO: Metric : 
[2026/01/15 03:26:03] ppcls INFO:     Train : 
[2026/01/15 03:26:03] ppcls INFO:         TopkAcc : 
[2026/01/15 03:26:03] ppcls INFO:             topk : [1, 5]
[2026/01/15 03:26:03] ppcls INFO:     Eval : 
[2026/01/15 03:26:03] ppcls INFO:         TopkAcc : 
[2026/01/15 03:26:03] ppcls INFO:             topk : [1, 5]
[2026/01/15 03:26:03] ppcls INFO: ------------------------------------------------------------
[2026/01/15 03:26:03] ppcls INFO: profiler_options : None
[2026/01/15 03:26:03] ppcls INFO: train with paddle 2.6.2 and device Place(gpu:0)
[2026/01/15 03:27:50] ppcls WARNING: "init_res" will be deprecated, please use "init_net" instead.
[2026/01/15 03:27:50] ppcls WARNING: When 'learning_rate' of Piecewise has beed set, the learning rate scheduler would be set by the rule that lr decay 10 times every 30 epochs. So, the 'decay_epochs' and 'values' have been set to [30, 60, 90] and [0.1, 0.010000000000000002, 0.0010000000000000002, 0.00010000000000000003] respectively.
[2026/01/15 03:27:50] ppcls WARNING: The training strategy provided by PaddleClas is based on 4 gpus. But the number of gpu is 1 in current training. Please modify the stategy (learning rate, batch size and so on) if use this config to train.
[2026/01/15 03:43:54] ppcls INFO: 
===========================================================
==        PaddleClas is powered by PaddlePaddle !        ==
===========================================================
==                                                       ==
==   For more info please go to the following website.   ==
==                                                       ==
==       https://github.com/PaddlePaddle/PaddleClas      ==
===========================================================

[2026/01/15 03:43:54] ppcls INFO: Global : 
[2026/01/15 03:43:54] ppcls INFO:     checkpoints : None
[2026/01/15 03:43:54] ppcls INFO:     pretrained_model : None
[2026/01/15 03:43:54] ppcls INFO:     output_dir : ./output/
[2026/01/15 03:43:54] ppcls INFO:     device : gpu
[2026/01/15 03:43:54] ppcls INFO:     save_interval : 1
[2026/01/15 03:43:54] ppcls INFO:     eval_during_train : True
[2026/01/15 03:43:54] ppcls INFO:     eval_interval : 1
[2026/01/15 03:43:54] ppcls INFO:     epochs : 120
[2026/01/15 03:43:54] ppcls INFO:     print_batch_step : 10
[2026/01/15 03:43:54] ppcls INFO:     use_visualdl : False
[2026/01/15 03:43:54] ppcls INFO:     image_shape : [3, 224, 224]
[2026/01/15 03:43:54] ppcls INFO:     save_inference_dir : ./inference
[2026/01/15 03:43:54] ppcls INFO: ------------------------------------------------------------
[2026/01/15 03:43:54] ppcls INFO: AMP : 
[2026/01/15 03:43:54] ppcls INFO:     use_amp : False
[2026/01/15 03:43:54] ppcls INFO:     use_fp16_test : False
[2026/01/15 03:43:54] ppcls INFO:     scale_loss : 128.0
[2026/01/15 03:43:54] ppcls INFO:     use_dynamic_loss_scaling : True
[2026/01/15 03:43:54] ppcls INFO:     use_promote : False
[2026/01/15 03:43:54] ppcls INFO:     level : O1
[2026/01/15 03:43:54] ppcls INFO: ------------------------------------------------------------
[2026/01/15 03:43:54] ppcls INFO: Arch : 
[2026/01/15 03:43:54] ppcls INFO:     name : ResNet18
[2026/01/15 03:43:54] ppcls INFO:     class_num : 4
[2026/01/15 03:43:54] ppcls INFO: ------------------------------------------------------------
[2026/01/15 03:43:54] ppcls INFO: Loss : 
[2026/01/15 03:43:54] ppcls INFO:     Train : 
[2026/01/15 03:43:54] ppcls INFO:         CELoss : 
[2026/01/15 03:43:54] ppcls INFO:             weight : 1.0
[2026/01/15 03:43:54] ppcls INFO:     Eval : 
[2026/01/15 03:43:54] ppcls INFO:         CELoss : 
[2026/01/15 03:43:54] ppcls INFO:             weight : 1.0
[2026/01/15 03:43:54] ppcls INFO: ------------------------------------------------------------
[2026/01/15 03:43:54] ppcls INFO: Optimizer : 
[2026/01/15 03:43:54] ppcls INFO:     name : Momentum
[2026/01/15 03:43:54] ppcls INFO:     momentum : 0.9
[2026/01/15 03:43:54] ppcls INFO:     lr : 
[2026/01/15 03:43:54] ppcls INFO:         name : Piecewise
[2026/01/15 03:43:54] ppcls INFO:         learning_rate : 0.1
[2026/01/15 03:43:54] ppcls INFO:         decay_epochs : [30, 60, 90]
[2026/01/15 03:43:54] ppcls INFO:         values : [0.1, 0.01, 0.001, 0.0001]
[2026/01/15 03:43:54] ppcls INFO:     regularizer : 
[2026/01/15 03:43:54] ppcls INFO:         name : L2
[2026/01/15 03:43:54] ppcls INFO:         coeff : 0.0001
[2026/01/15 03:43:54] ppcls INFO: ------------------------------------------------------------
[2026/01/15 03:43:54] ppcls INFO: DataLoader : 
[2026/01/15 03:43:54] ppcls INFO:     Train : 
[2026/01/15 03:43:54] ppcls INFO:         dataset : 
[2026/01/15 03:43:54] ppcls INFO:             name : ImageNetDataset
[2026/01/15 03:43:54] ppcls INFO:             image_root : /data
[2026/01/15 03:43:54] ppcls INFO:             cls_label_path : /data/train.txt
[2026/01/15 03:43:54] ppcls INFO:             transform_ops : 
[2026/01/15 03:43:54] ppcls INFO:                 DecodeImage : 
[2026/01/15 03:43:54] ppcls INFO:                     to_rgb : True
[2026/01/15 03:43:54] ppcls INFO:                     channel_first : False
[2026/01/15 03:43:54] ppcls INFO:                 RandCropImage : 
[2026/01/15 03:43:54] ppcls INFO:                     size : 224
[2026/01/15 03:43:54] ppcls INFO:                 RandFlipImage : 
[2026/01/15 03:43:54] ppcls INFO:                     flip_code : 1
[2026/01/15 03:43:54] ppcls INFO:                 NormalizeImage : 
[2026/01/15 03:43:54] ppcls INFO:                     scale : 1.0/255.0
[2026/01/15 03:43:54] ppcls INFO:                     mean : [0.485, 0.456, 0.406]
[2026/01/15 03:43:54] ppcls INFO:                     std : [0.229, 0.224, 0.225]
[2026/01/15 03:43:54] ppcls INFO:                     order : 
[2026/01/15 03:43:54] ppcls INFO:         sampler : 
[2026/01/15 03:43:54] ppcls INFO:             name : DistributedBatchSampler
[2026/01/15 03:43:54] ppcls INFO:             batch_size : 32
[2026/01/15 03:43:54] ppcls INFO:             drop_last : False
[2026/01/15 03:43:54] ppcls INFO:             shuffle : True
[2026/01/15 03:43:54] ppcls INFO:         loader : 
[2026/01/15 03:43:54] ppcls INFO:             num_workers : 4
[2026/01/15 03:43:54] ppcls INFO:             use_shared_memory : True
[2026/01/15 03:43:54] ppcls INFO:     Eval : 
[2026/01/15 03:43:54] ppcls INFO:         dataset : 
[2026/01/15 03:43:54] ppcls INFO:             name : ImageNetDataset
[2026/01/15 03:43:54] ppcls INFO:             image_root : /data
[2026/01/15 03:43:54] ppcls INFO:             cls_label_path : /data/val.txt
[2026/01/15 03:43:54] ppcls INFO:             transform_ops : 
[2026/01/15 03:43:54] ppcls INFO:                 DecodeImage : 
[2026/01/15 03:43:54] ppcls INFO:                     to_rgb : True
[2026/01/15 03:43:54] ppcls INFO:                     channel_first : False
[2026/01/15 03:43:54] ppcls INFO:                 ResizeImage : 
[2026/01/15 03:43:54] ppcls INFO:                     resize_short : 256
[2026/01/15 03:43:54] ppcls INFO:                 CropImage : 
[2026/01/15 03:43:54] ppcls INFO:                     size : 224
[2026/01/15 03:43:54] ppcls INFO:                 NormalizeImage : 
[2026/01/15 03:43:54] ppcls INFO:                     scale : 1.0/255.0
[2026/01/15 03:43:54] ppcls INFO:                     mean : [0.485, 0.456, 0.406]
[2026/01/15 03:43:54] ppcls INFO:                     std : [0.229, 0.224, 0.225]
[2026/01/15 03:43:54] ppcls INFO:                     order : 
[2026/01/15 03:43:54] ppcls INFO:         sampler : 
[2026/01/15 03:43:54] ppcls INFO:             name : DistributedBatchSampler
[2026/01/15 03:43:54] ppcls INFO:             batch_size : 32
[2026/01/15 03:43:54] ppcls INFO:             drop_last : False
[2026/01/15 03:43:54] ppcls INFO:             shuffle : False
[2026/01/15 03:43:54] ppcls INFO:         loader : 
[2026/01/15 03:43:54] ppcls INFO:             num_workers : 4
[2026/01/15 03:43:54] ppcls INFO:             use_shared_memory : True
[2026/01/15 03:43:54] ppcls INFO: ------------------------------------------------------------
[2026/01/15 03:43:54] ppcls INFO: Infer : 
[2026/01/15 03:43:54] ppcls INFO:     infer_imgs : docs/images/inference_deployment/whl_demo.jpg
[2026/01/15 03:43:54] ppcls INFO:     batch_size : 10
[2026/01/15 03:43:54] ppcls INFO:     transforms : 
[2026/01/15 03:43:54] ppcls INFO:         DecodeImage : 
[2026/01/15 03:43:54] ppcls INFO:             to_rgb : True
[2026/01/15 03:43:54] ppcls INFO:             channel_first : False
[2026/01/15 03:43:54] ppcls INFO:         ResizeImage : 
[2026/01/15 03:43:54] ppcls INFO:             resize_short : 256
[2026/01/15 03:43:54] ppcls INFO:         CropImage : 
[2026/01/15 03:43:54] ppcls INFO:             size : 224
[2026/01/15 03:43:54] ppcls INFO:         NormalizeImage : 
[2026/01/15 03:43:54] ppcls INFO:             scale : 1.0/255.0
[2026/01/15 03:43:54] ppcls INFO:             mean : [0.485, 0.456, 0.406]
[2026/01/15 03:43:54] ppcls INFO:             std : [0.229, 0.224, 0.225]
[2026/01/15 03:43:54] ppcls INFO:             order : 
[2026/01/15 03:43:54] ppcls INFO:         ToCHWImage : None
[2026/01/15 03:43:54] ppcls INFO:     PostProcess : 
[2026/01/15 03:43:54] ppcls INFO:         name : Topk
[2026/01/15 03:43:54] ppcls INFO:         topk : 5
[2026/01/15 03:43:54] ppcls INFO:         class_id_map_file : ppcls/utils/imagenet1k_label_list.txt
[2026/01/15 03:43:54] ppcls INFO: ------------------------------------------------------------
[2026/01/15 03:43:54] ppcls INFO: Metric : 
[2026/01/15 03:43:54] ppcls INFO:     Train : 
[2026/01/15 03:43:54] ppcls INFO:         TopkAcc : 
[2026/01/15 03:43:54] ppcls INFO:             topk : [1, 5]
[2026/01/15 03:43:54] ppcls INFO:     Eval : 
[2026/01/15 03:43:54] ppcls INFO:         TopkAcc : 
[2026/01/15 03:43:54] ppcls INFO:             topk : [1, 5]
[2026/01/15 03:43:54] ppcls INFO: ------------------------------------------------------------
[2026/01/15 03:43:54] ppcls INFO: profiler_options : None
[2026/01/15 03:43:54] ppcls INFO: train with paddle 2.6.2 and device Place(gpu:0)
[2026/01/15 03:49:39] ppcls INFO: 
===========================================================
==        PaddleClas is powered by PaddlePaddle !        ==
===========================================================
==                                                       ==
==   For more info please go to the following website.   ==
==                                                       ==
==       https://github.com/PaddlePaddle/PaddleClas      ==
===========================================================

[2026/01/15 03:49:39] ppcls INFO: Global : 
[2026/01/15 03:49:39] ppcls INFO:     checkpoints : None
[2026/01/15 03:49:39] ppcls INFO:     pretrained_model : None
[2026/01/15 03:49:39] ppcls INFO:     output_dir : ./output/
[2026/01/15 03:49:39] ppcls INFO:     device : gpu
[2026/01/15 03:49:39] ppcls INFO:     save_interval : 1
[2026/01/15 03:49:39] ppcls INFO:     eval_during_train : True
[2026/01/15 03:49:39] ppcls INFO:     eval_interval : 1
[2026/01/15 03:49:39] ppcls INFO:     epochs : 120
[2026/01/15 03:49:39] ppcls INFO:     print_batch_step : 10
[2026/01/15 03:49:39] ppcls INFO:     use_visualdl : False
[2026/01/15 03:49:39] ppcls INFO:     image_shape : [3, 224, 224]
[2026/01/15 03:49:39] ppcls INFO:     save_inference_dir : ./inference
[2026/01/15 03:49:39] ppcls INFO: ------------------------------------------------------------
[2026/01/15 03:49:39] ppcls INFO: AMP : 
[2026/01/15 03:49:39] ppcls INFO:     use_amp : False
[2026/01/15 03:49:39] ppcls INFO:     use_fp16_test : False
[2026/01/15 03:49:39] ppcls INFO:     scale_loss : 128.0
[2026/01/15 03:49:39] ppcls INFO:     use_dynamic_loss_scaling : True
[2026/01/15 03:49:39] ppcls INFO:     use_promote : False
[2026/01/15 03:49:39] ppcls INFO:     level : O1
[2026/01/15 03:49:39] ppcls INFO: ------------------------------------------------------------
[2026/01/15 03:49:39] ppcls INFO: Arch : 
[2026/01/15 03:49:39] ppcls INFO:     name : ResNet18
[2026/01/15 03:49:39] ppcls INFO:     class_num : 4
[2026/01/15 03:49:39] ppcls INFO: ------------------------------------------------------------
[2026/01/15 03:49:39] ppcls INFO: Loss : 
[2026/01/15 03:49:39] ppcls INFO:     Train : 
[2026/01/15 03:49:39] ppcls INFO:         CELoss : 
[2026/01/15 03:49:39] ppcls INFO:             weight : 1.0
[2026/01/15 03:49:39] ppcls INFO:     Eval : 
[2026/01/15 03:49:39] ppcls INFO:         CELoss : 
[2026/01/15 03:49:39] ppcls INFO:             weight : 1.0
[2026/01/15 03:49:39] ppcls INFO: ------------------------------------------------------------
[2026/01/15 03:49:39] ppcls INFO: Optimizer : 
[2026/01/15 03:49:39] ppcls INFO:     name : Momentum
[2026/01/15 03:49:39] ppcls INFO:     momentum : 0.9
[2026/01/15 03:49:39] ppcls INFO:     lr : 
[2026/01/15 03:49:39] ppcls INFO:         name : Piecewise
[2026/01/15 03:49:39] ppcls INFO:         learning_rate : 0.1
[2026/01/15 03:49:39] ppcls INFO:         decay_epochs : [30, 60, 90]
[2026/01/15 03:49:39] ppcls INFO:         values : [0.1, 0.01, 0.001, 0.0001]
[2026/01/15 03:49:39] ppcls INFO:     regularizer : 
[2026/01/15 03:49:39] ppcls INFO:         name : L2
[2026/01/15 03:49:39] ppcls INFO:         coeff : 0.0001
[2026/01/15 03:49:39] ppcls INFO: ------------------------------------------------------------
[2026/01/15 03:49:39] ppcls INFO: DataLoader : 
[2026/01/15 03:49:39] ppcls INFO:     Train : 
[2026/01/15 03:49:39] ppcls INFO:         dataset : 
[2026/01/15 03:49:39] ppcls INFO:             name : ImageNetDataset
[2026/01/15 03:49:39] ppcls INFO:             image_root : /data
[2026/01/15 03:49:39] ppcls INFO:             cls_label_path : /data/train.txt
[2026/01/15 03:49:39] ppcls INFO:             transform_ops : 
[2026/01/15 03:49:39] ppcls INFO:                 DecodeImage : 
[2026/01/15 03:49:39] ppcls INFO:                     to_rgb : True
[2026/01/15 03:49:39] ppcls INFO:                     channel_first : False
[2026/01/15 03:49:39] ppcls INFO:                 RandCropImage : 
[2026/01/15 03:49:39] ppcls INFO:                     size : 224
[2026/01/15 03:49:39] ppcls INFO:                 RandFlipImage : 
[2026/01/15 03:49:39] ppcls INFO:                     flip_code : 1
[2026/01/15 03:49:39] ppcls INFO:                 NormalizeImage : 
[2026/01/15 03:49:39] ppcls INFO:                     scale : 1.0/255.0
[2026/01/15 03:49:39] ppcls INFO:                     mean : [0.485, 0.456, 0.406]
[2026/01/15 03:49:39] ppcls INFO:                     std : [0.229, 0.224, 0.225]
[2026/01/15 03:49:39] ppcls INFO:                     order : 
[2026/01/15 03:49:39] ppcls INFO:         sampler : 
[2026/01/15 03:49:39] ppcls INFO:             name : DistributedBatchSampler
[2026/01/15 03:49:39] ppcls INFO:             batch_size : 32
[2026/01/15 03:49:39] ppcls INFO:             drop_last : False
[2026/01/15 03:49:39] ppcls INFO:             shuffle : True
[2026/01/15 03:49:39] ppcls INFO:         loader : 
[2026/01/15 03:49:39] ppcls INFO:             num_workers : 4
[2026/01/15 03:49:39] ppcls INFO:             use_shared_memory : True
[2026/01/15 03:49:39] ppcls INFO:     Eval : 
[2026/01/15 03:49:39] ppcls INFO:         dataset : 
[2026/01/15 03:49:39] ppcls INFO:             name : ImageNetDataset
[2026/01/15 03:49:39] ppcls INFO:             image_root : /data
[2026/01/15 03:49:39] ppcls INFO:             cls_label_path : /data/val.txt
[2026/01/15 03:49:39] ppcls INFO:             transform_ops : 
[2026/01/15 03:49:39] ppcls INFO:                 DecodeImage : 
[2026/01/15 03:49:39] ppcls INFO:                     to_rgb : True
[2026/01/15 03:49:39] ppcls INFO:                     channel_first : False
[2026/01/15 03:49:39] ppcls INFO:                 ResizeImage : 
[2026/01/15 03:49:39] ppcls INFO:                     resize_short : 256
[2026/01/15 03:49:39] ppcls INFO:                 CropImage : 
[2026/01/15 03:49:39] ppcls INFO:                     size : 224
[2026/01/15 03:49:39] ppcls INFO:                 NormalizeImage : 
[2026/01/15 03:49:39] ppcls INFO:                     scale : 1.0/255.0
[2026/01/15 03:49:39] ppcls INFO:                     mean : [0.485, 0.456, 0.406]
[2026/01/15 03:49:39] ppcls INFO:                     std : [0.229, 0.224, 0.225]
[2026/01/15 03:49:39] ppcls INFO:                     order : 
[2026/01/15 03:49:39] ppcls INFO:         sampler : 
[2026/01/15 03:49:39] ppcls INFO:             name : DistributedBatchSampler
[2026/01/15 03:49:39] ppcls INFO:             batch_size : 32
[2026/01/15 03:49:39] ppcls INFO:             drop_last : False
[2026/01/15 03:49:39] ppcls INFO:             shuffle : False
[2026/01/15 03:49:39] ppcls INFO:         loader : 
[2026/01/15 03:49:39] ppcls INFO:             num_workers : 4
[2026/01/15 03:49:39] ppcls INFO:             use_shared_memory : True
[2026/01/15 03:49:39] ppcls INFO: ------------------------------------------------------------
[2026/01/15 03:49:39] ppcls INFO: Infer : 
[2026/01/15 03:49:39] ppcls INFO:     infer_imgs : docs/images/inference_deployment/whl_demo.jpg
[2026/01/15 03:49:39] ppcls INFO:     batch_size : 10
[2026/01/15 03:49:39] ppcls INFO:     transforms : 
[2026/01/15 03:49:39] ppcls INFO:         DecodeImage : 
[2026/01/15 03:49:39] ppcls INFO:             to_rgb : True
[2026/01/15 03:49:39] ppcls INFO:             channel_first : False
[2026/01/15 03:49:39] ppcls INFO:         ResizeImage : 
[2026/01/15 03:49:39] ppcls INFO:             resize_short : 256
[2026/01/15 03:49:39] ppcls INFO:         CropImage : 
[2026/01/15 03:49:39] ppcls INFO:             size : 224
[2026/01/15 03:49:39] ppcls INFO:         NormalizeImage : 
[2026/01/15 03:49:39] ppcls INFO:             scale : 1.0/255.0
[2026/01/15 03:49:39] ppcls INFO:             mean : [0.485, 0.456, 0.406]
[2026/01/15 03:49:39] ppcls INFO:             std : [0.229, 0.224, 0.225]
[2026/01/15 03:49:39] ppcls INFO:             order : 
[2026/01/15 03:49:39] ppcls INFO:         ToCHWImage : None
[2026/01/15 03:49:39] ppcls INFO:     PostProcess : 
[2026/01/15 03:49:39] ppcls INFO:         name : Topk
[2026/01/15 03:49:39] ppcls INFO:         topk : 5
[2026/01/15 03:49:39] ppcls INFO:         class_id_map_file : ppcls/utils/imagenet1k_label_list.txt
[2026/01/15 03:49:39] ppcls INFO: ------------------------------------------------------------
[2026/01/15 03:49:39] ppcls INFO: Metric : 
[2026/01/15 03:49:39] ppcls INFO:     Train : 
[2026/01/15 03:49:39] ppcls INFO:         TopkAcc : 
[2026/01/15 03:49:39] ppcls INFO:             topk : [1, 5]
[2026/01/15 03:49:39] ppcls INFO:     Eval : 
[2026/01/15 03:49:39] ppcls INFO:         TopkAcc : 
[2026/01/15 03:49:39] ppcls INFO:             topk : [1, 5]
[2026/01/15 03:49:39] ppcls INFO: ------------------------------------------------------------
[2026/01/15 03:49:39] ppcls INFO: profiler_options : None
[2026/01/15 03:49:39] ppcls INFO: train with paddle 2.6.2 and device Place(gpu:0)
[2026/01/15 03:51:26] ppcls WARNING: "init_res" will be deprecated, please use "init_net" instead.
[2026/01/15 03:51:26] ppcls WARNING: When 'learning_rate' of Piecewise has beed set, the learning rate scheduler would be set by the rule that lr decay 10 times every 30 epochs. So, the 'decay_epochs' and 'values' have been set to [30, 60, 90] and [0.1, 0.010000000000000002, 0.0010000000000000002, 0.00010000000000000003] respectively.
[2026/01/15 03:51:26] ppcls WARNING: The training strategy provided by PaddleClas is based on 4 gpus. But the number of gpu is 1 in current training. Please modify the stategy (learning rate, batch size and so on) if use this config to train.
[2026/01/15 03:59:39] ppcls INFO: 
===========================================================
==        PaddleClas is powered by PaddlePaddle !        ==
===========================================================
==                                                       ==
==   For more info please go to the following website.   ==
==                                                       ==
==       https://github.com/PaddlePaddle/PaddleClas      ==
===========================================================

[2026/01/15 03:59:39] ppcls INFO: Global : 
[2026/01/15 03:59:39] ppcls INFO:     checkpoints : None
[2026/01/15 03:59:39] ppcls INFO:     pretrained_model : None
[2026/01/15 03:59:39] ppcls INFO:     output_dir : ./output/
[2026/01/15 03:59:39] ppcls INFO:     device : gpu
[2026/01/15 03:59:39] ppcls INFO:     save_interval : 1
[2026/01/15 03:59:39] ppcls INFO:     eval_during_train : True
[2026/01/15 03:59:39] ppcls INFO:     eval_interval : 1
[2026/01/15 03:59:39] ppcls INFO:     epochs : 120
[2026/01/15 03:59:39] ppcls INFO:     print_batch_step : 10
[2026/01/15 03:59:39] ppcls INFO:     use_visualdl : False
[2026/01/15 03:59:39] ppcls INFO:     image_shape : [3, 224, 224]
[2026/01/15 03:59:39] ppcls INFO:     save_inference_dir : ./inference
[2026/01/15 03:59:39] ppcls INFO: ------------------------------------------------------------
[2026/01/15 03:59:39] ppcls INFO: AMP : 
[2026/01/15 03:59:39] ppcls INFO:     use_amp : False
[2026/01/15 03:59:39] ppcls INFO:     use_fp16_test : False
[2026/01/15 03:59:39] ppcls INFO:     scale_loss : 128.0
[2026/01/15 03:59:39] ppcls INFO:     use_dynamic_loss_scaling : True
[2026/01/15 03:59:39] ppcls INFO:     use_promote : False
[2026/01/15 03:59:39] ppcls INFO:     level : O1
[2026/01/15 03:59:39] ppcls INFO: ------------------------------------------------------------
[2026/01/15 03:59:39] ppcls INFO: Arch : 
[2026/01/15 03:59:39] ppcls INFO:     name : ResNet18
[2026/01/15 03:59:39] ppcls INFO:     class_num : 4
[2026/01/15 03:59:39] ppcls INFO: ------------------------------------------------------------
[2026/01/15 03:59:39] ppcls INFO: Loss : 
[2026/01/15 03:59:39] ppcls INFO:     Train : 
[2026/01/15 03:59:39] ppcls INFO:         CELoss : 
[2026/01/15 03:59:39] ppcls INFO:             weight : 1.0
[2026/01/15 03:59:39] ppcls INFO:     Eval : 
[2026/01/15 03:59:39] ppcls INFO:         CELoss : 
[2026/01/15 03:59:39] ppcls INFO:             weight : 1.0
[2026/01/15 03:59:39] ppcls INFO: ------------------------------------------------------------
[2026/01/15 03:59:39] ppcls INFO: Optimizer : 
[2026/01/15 03:59:39] ppcls INFO:     name : Momentum
[2026/01/15 03:59:39] ppcls INFO:     momentum : 0.9
[2026/01/15 03:59:39] ppcls INFO:     lr : 
[2026/01/15 03:59:39] ppcls INFO:         name : Piecewise
[2026/01/15 03:59:39] ppcls INFO:         learning_rate : 0.1
[2026/01/15 03:59:39] ppcls INFO:         decay_epochs : [30, 60, 90]
[2026/01/15 03:59:39] ppcls INFO:         values : [0.1, 0.01, 0.001, 0.0001]
[2026/01/15 03:59:39] ppcls INFO:     regularizer : 
[2026/01/15 03:59:39] ppcls INFO:         name : L2
[2026/01/15 03:59:39] ppcls INFO:         coeff : 0.0001
[2026/01/15 03:59:39] ppcls INFO: ------------------------------------------------------------
[2026/01/15 03:59:39] ppcls INFO: DataLoader : 
[2026/01/15 03:59:39] ppcls INFO:     Train : 
[2026/01/15 03:59:39] ppcls INFO:         dataset : 
[2026/01/15 03:59:39] ppcls INFO:             name : ImageNetDataset
[2026/01/15 03:59:39] ppcls INFO:             image_root : /data
[2026/01/15 03:59:39] ppcls INFO:             cls_label_path : /data/train.txt
[2026/01/15 03:59:39] ppcls INFO:             transform_ops : 
[2026/01/15 03:59:39] ppcls INFO:                 DecodeImage : 
[2026/01/15 03:59:39] ppcls INFO:                     to_rgb : True
[2026/01/15 03:59:39] ppcls INFO:                     channel_first : False
[2026/01/15 03:59:39] ppcls INFO:                 RandCropImage : 
[2026/01/15 03:59:39] ppcls INFO:                     size : 224
[2026/01/15 03:59:39] ppcls INFO:                 RandFlipImage : 
[2026/01/15 03:59:39] ppcls INFO:                     flip_code : 1
[2026/01/15 03:59:39] ppcls INFO:                 NormalizeImage : 
[2026/01/15 03:59:39] ppcls INFO:                     scale : 1.0/255.0
[2026/01/15 03:59:39] ppcls INFO:                     mean : [0.485, 0.456, 0.406]
[2026/01/15 03:59:39] ppcls INFO:                     std : [0.229, 0.224, 0.225]
[2026/01/15 03:59:39] ppcls INFO:                     order : 
[2026/01/15 03:59:39] ppcls INFO:         sampler : 
[2026/01/15 03:59:39] ppcls INFO:             name : DistributedBatchSampler
[2026/01/15 03:59:39] ppcls INFO:             batch_size : 32
[2026/01/15 03:59:39] ppcls INFO:             drop_last : False
[2026/01/15 03:59:39] ppcls INFO:             shuffle : True
[2026/01/15 03:59:39] ppcls INFO:         loader : 
[2026/01/15 03:59:39] ppcls INFO:             num_workers : 4
[2026/01/15 03:59:39] ppcls INFO:             use_shared_memory : True
[2026/01/15 03:59:39] ppcls INFO:     Eval : 
[2026/01/15 03:59:39] ppcls INFO:         dataset : 
[2026/01/15 03:59:39] ppcls INFO:             name : ImageNetDataset
[2026/01/15 03:59:39] ppcls INFO:             image_root : /data
[2026/01/15 03:59:39] ppcls INFO:             cls_label_path : /data/val.txt
[2026/01/15 03:59:39] ppcls INFO:             transform_ops : 
[2026/01/15 03:59:39] ppcls INFO:                 DecodeImage : 
[2026/01/15 03:59:39] ppcls INFO:                     to_rgb : True
[2026/01/15 03:59:39] ppcls INFO:                     channel_first : False
[2026/01/15 03:59:39] ppcls INFO:                 ResizeImage : 
[2026/01/15 03:59:39] ppcls INFO:                     resize_short : 256
[2026/01/15 03:59:39] ppcls INFO:                 CropImage : 
[2026/01/15 03:59:39] ppcls INFO:                     size : 224
[2026/01/15 03:59:39] ppcls INFO:                 NormalizeImage : 
[2026/01/15 03:59:39] ppcls INFO:                     scale : 1.0/255.0
[2026/01/15 03:59:39] ppcls INFO:                     mean : [0.485, 0.456, 0.406]
[2026/01/15 03:59:39] ppcls INFO:                     std : [0.229, 0.224, 0.225]
[2026/01/15 03:59:39] ppcls INFO:                     order : 
[2026/01/15 03:59:39] ppcls INFO:         sampler : 
[2026/01/15 03:59:39] ppcls INFO:             name : DistributedBatchSampler
[2026/01/15 03:59:39] ppcls INFO:             batch_size : 32
[2026/01/15 03:59:39] ppcls INFO:             drop_last : False
[2026/01/15 03:59:39] ppcls INFO:             shuffle : False
[2026/01/15 03:59:39] ppcls INFO:         loader : 
[2026/01/15 03:59:39] ppcls INFO:             num_workers : 4
[2026/01/15 03:59:39] ppcls INFO:             use_shared_memory : True
[2026/01/15 03:59:39] ppcls INFO: ------------------------------------------------------------
[2026/01/15 03:59:39] ppcls INFO: Infer : 
[2026/01/15 03:59:39] ppcls INFO:     infer_imgs : docs/images/inference_deployment/whl_demo.jpg
[2026/01/15 03:59:39] ppcls INFO:     batch_size : 10
[2026/01/15 03:59:39] ppcls INFO:     transforms : 
[2026/01/15 03:59:39] ppcls INFO:         DecodeImage : 
[2026/01/15 03:59:39] ppcls INFO:             to_rgb : True
[2026/01/15 03:59:39] ppcls INFO:             channel_first : False
[2026/01/15 03:59:39] ppcls INFO:         ResizeImage : 
[2026/01/15 03:59:39] ppcls INFO:             resize_short : 256
[2026/01/15 03:59:39] ppcls INFO:         CropImage : 
[2026/01/15 03:59:39] ppcls INFO:             size : 224
[2026/01/15 03:59:39] ppcls INFO:         NormalizeImage : 
[2026/01/15 03:59:39] ppcls INFO:             scale : 1.0/255.0
[2026/01/15 03:59:39] ppcls INFO:             mean : [0.485, 0.456, 0.406]
[2026/01/15 03:59:39] ppcls INFO:             std : [0.229, 0.224, 0.225]
[2026/01/15 03:59:39] ppcls INFO:             order : 
[2026/01/15 03:59:39] ppcls INFO:         ToCHWImage : None
[2026/01/15 03:59:39] ppcls INFO:     PostProcess : 
[2026/01/15 03:59:39] ppcls INFO:         name : Topk
[2026/01/15 03:59:39] ppcls INFO:         topk : 5
[2026/01/15 03:59:39] ppcls INFO:         class_id_map_file : ppcls/utils/imagenet1k_label_list.txt
[2026/01/15 03:59:39] ppcls INFO: ------------------------------------------------------------
[2026/01/15 03:59:39] ppcls INFO: Metric : 
[2026/01/15 03:59:39] ppcls INFO:     Train : 
[2026/01/15 03:59:39] ppcls INFO:         TopkAcc : 
[2026/01/15 03:59:39] ppcls INFO:             topk : [1, 5]
[2026/01/15 03:59:39] ppcls INFO:     Eval : 
[2026/01/15 03:59:39] ppcls INFO:         TopkAcc : 
[2026/01/15 03:59:39] ppcls INFO:             topk : [1, 5]
[2026/01/15 03:59:39] ppcls INFO: ------------------------------------------------------------
[2026/01/15 03:59:39] ppcls INFO: profiler_options : None
[2026/01/15 03:59:39] ppcls INFO: train with paddle 2.6.2 and device Place(gpu:0)
[2026/01/15 04:01:29] ppcls WARNING: "init_res" will be deprecated, please use "init_net" instead.
[2026/01/15 04:01:29] ppcls WARNING: When 'learning_rate' of Piecewise has beed set, the learning rate scheduler would be set by the rule that lr decay 10 times every 30 epochs. So, the 'decay_epochs' and 'values' have been set to [30, 60, 90] and [0.1, 0.010000000000000002, 0.0010000000000000002, 0.00010000000000000003] respectively.
[2026/01/15 04:01:29] ppcls WARNING: The training strategy provided by PaddleClas is based on 4 gpus. But the number of gpu is 1 in current training. Please modify the stategy (learning rate, batch size and so on) if use this config to train.
[2026/01/15 04:03:52] ppcls WARNING: The output dims(4) is less than k(5), so the Top-5 metric is meaningless.
[2026/01/15 04:03:52] ppcls INFO: [Train][Epoch 1/120][Iter: 0/237]lr(PiecewiseDecay): 0.10000000, top1: 0.28125, top5: 1.00000, CELoss: 1.46480, loss: 1.46480, batch_cost: 143.18857s, reader_cost: 142.58299, ips: 0.22348 samples/s, eta: 47 days, 3:11:22
[2026/01/15 04:07:09] ppcls INFO: 
===========================================================
==        PaddleClas is powered by PaddlePaddle !        ==
===========================================================
==                                                       ==
==   For more info please go to the following website.   ==
==                                                       ==
==       https://github.com/PaddlePaddle/PaddleClas      ==
===========================================================

[2026/01/15 04:07:09] ppcls INFO: Global : 
[2026/01/15 04:07:09] ppcls INFO:     checkpoints : None
[2026/01/15 04:07:09] ppcls INFO:     pretrained_model : None
[2026/01/15 04:07:09] ppcls INFO:     output_dir : ./output/
[2026/01/15 04:07:09] ppcls INFO:     device : gpu
[2026/01/15 04:07:09] ppcls INFO:     save_interval : 1
[2026/01/15 04:07:09] ppcls INFO:     eval_during_train : True
[2026/01/15 04:07:09] ppcls INFO:     eval_interval : 1
[2026/01/15 04:07:09] ppcls INFO:     epochs : 2
[2026/01/15 04:07:09] ppcls INFO:     print_batch_step : 10
[2026/01/15 04:07:09] ppcls INFO:     use_visualdl : False
[2026/01/15 04:07:09] ppcls INFO:     image_shape : [3, 224, 224]
[2026/01/15 04:07:09] ppcls INFO:     save_inference_dir : ./inference
[2026/01/15 04:07:09] ppcls INFO: ------------------------------------------------------------
[2026/01/15 04:07:09] ppcls INFO: AMP : 
[2026/01/15 04:07:09] ppcls INFO:     use_amp : False
[2026/01/15 04:07:09] ppcls INFO:     use_fp16_test : False
[2026/01/15 04:07:09] ppcls INFO:     scale_loss : 128.0
[2026/01/15 04:07:09] ppcls INFO:     use_dynamic_loss_scaling : True
[2026/01/15 04:07:09] ppcls INFO:     use_promote : False
[2026/01/15 04:07:09] ppcls INFO:     level : O1
[2026/01/15 04:07:09] ppcls INFO: ------------------------------------------------------------
[2026/01/15 04:07:09] ppcls INFO: Arch : 
[2026/01/15 04:07:09] ppcls INFO:     name : ResNet18
[2026/01/15 04:07:09] ppcls INFO:     class_num : 4
[2026/01/15 04:07:09] ppcls INFO: ------------------------------------------------------------
[2026/01/15 04:07:09] ppcls INFO: Loss : 
[2026/01/15 04:07:09] ppcls INFO:     Train : 
[2026/01/15 04:07:09] ppcls INFO:         CELoss : 
[2026/01/15 04:07:09] ppcls INFO:             weight : 1.0
[2026/01/15 04:07:09] ppcls INFO:     Eval : 
[2026/01/15 04:07:09] ppcls INFO:         CELoss : 
[2026/01/15 04:07:09] ppcls INFO:             weight : 1.0
[2026/01/15 04:07:09] ppcls INFO: ------------------------------------------------------------
[2026/01/15 04:07:09] ppcls INFO: Optimizer : 
[2026/01/15 04:07:09] ppcls INFO:     name : Momentum
[2026/01/15 04:07:09] ppcls INFO:     momentum : 0.9
[2026/01/15 04:07:09] ppcls INFO:     lr : 
[2026/01/15 04:07:09] ppcls INFO:         name : Piecewise
[2026/01/15 04:07:09] ppcls INFO:         learning_rate : 0.025
[2026/01/15 04:07:09] ppcls INFO:         decay_epochs : [30, 60, 90]
[2026/01/15 04:07:09] ppcls INFO:         values : [0.1, 0.01, 0.001, 0.0001]
[2026/01/15 04:07:09] ppcls INFO:     regularizer : 
[2026/01/15 04:07:09] ppcls INFO:         name : L2
[2026/01/15 04:07:09] ppcls INFO:         coeff : 0.0001
[2026/01/15 04:07:09] ppcls INFO: ------------------------------------------------------------
[2026/01/15 04:07:09] ppcls INFO: DataLoader : 
[2026/01/15 04:07:09] ppcls INFO:     Train : 
[2026/01/15 04:07:09] ppcls INFO:         dataset : 
[2026/01/15 04:07:09] ppcls INFO:             name : ImageNetDataset
[2026/01/15 04:07:09] ppcls INFO:             image_root : /data
[2026/01/15 04:07:09] ppcls INFO:             cls_label_path : /data/train.txt
[2026/01/15 04:07:09] ppcls INFO:             transform_ops : 
[2026/01/15 04:07:09] ppcls INFO:                 DecodeImage : 
[2026/01/15 04:07:09] ppcls INFO:                     to_rgb : True
[2026/01/15 04:07:09] ppcls INFO:                     channel_first : False
[2026/01/15 04:07:09] ppcls INFO:                 RandCropImage : 
[2026/01/15 04:07:09] ppcls INFO:                     size : 224
[2026/01/15 04:07:09] ppcls INFO:                 RandFlipImage : 
[2026/01/15 04:07:09] ppcls INFO:                     flip_code : 1
[2026/01/15 04:07:09] ppcls INFO:                 NormalizeImage : 
[2026/01/15 04:07:09] ppcls INFO:                     scale : 1.0/255.0
[2026/01/15 04:07:09] ppcls INFO:                     mean : [0.485, 0.456, 0.406]
[2026/01/15 04:07:09] ppcls INFO:                     std : [0.229, 0.224, 0.225]
[2026/01/15 04:07:09] ppcls INFO:                     order : 
[2026/01/15 04:07:09] ppcls INFO:         sampler : 
[2026/01/15 04:07:09] ppcls INFO:             name : DistributedBatchSampler
[2026/01/15 04:07:09] ppcls INFO:             batch_size : 32
[2026/01/15 04:07:09] ppcls INFO:             drop_last : False
[2026/01/15 04:07:09] ppcls INFO:             shuffle : True
[2026/01/15 04:07:09] ppcls INFO:         loader : 
[2026/01/15 04:07:09] ppcls INFO:             num_workers : 8
[2026/01/15 04:07:09] ppcls INFO:             use_shared_memory : False
[2026/01/15 04:07:09] ppcls INFO:     Eval : 
[2026/01/15 04:07:09] ppcls INFO:         dataset : 
[2026/01/15 04:07:09] ppcls INFO:             name : ImageNetDataset
[2026/01/15 04:07:09] ppcls INFO:             image_root : /data
[2026/01/15 04:07:09] ppcls INFO:             cls_label_path : /data/val.txt
[2026/01/15 04:07:09] ppcls INFO:             transform_ops : 
[2026/01/15 04:07:09] ppcls INFO:                 DecodeImage : 
[2026/01/15 04:07:09] ppcls INFO:                     to_rgb : True
[2026/01/15 04:07:09] ppcls INFO:                     channel_first : False
[2026/01/15 04:07:09] ppcls INFO:                 ResizeImage : 
[2026/01/15 04:07:09] ppcls INFO:                     resize_short : 256
[2026/01/15 04:07:09] ppcls INFO:                 CropImage : 
[2026/01/15 04:07:09] ppcls INFO:                     size : 224
[2026/01/15 04:07:09] ppcls INFO:                 NormalizeImage : 
[2026/01/15 04:07:09] ppcls INFO:                     scale : 1.0/255.0
[2026/01/15 04:07:09] ppcls INFO:                     mean : [0.485, 0.456, 0.406]
[2026/01/15 04:07:09] ppcls INFO:                     std : [0.229, 0.224, 0.225]
[2026/01/15 04:07:09] ppcls INFO:                     order : 
[2026/01/15 04:07:09] ppcls INFO:         sampler : 
[2026/01/15 04:07:09] ppcls INFO:             name : DistributedBatchSampler
[2026/01/15 04:07:09] ppcls INFO:             batch_size : 32
[2026/01/15 04:07:09] ppcls INFO:             drop_last : False
[2026/01/15 04:07:09] ppcls INFO:             shuffle : False
[2026/01/15 04:07:09] ppcls INFO:         loader : 
[2026/01/15 04:07:09] ppcls INFO:             num_workers : 8
[2026/01/15 04:07:09] ppcls INFO:             use_shared_memory : False
[2026/01/15 04:07:09] ppcls INFO: ------------------------------------------------------------
[2026/01/15 04:07:09] ppcls INFO: Infer : 
[2026/01/15 04:07:09] ppcls INFO:     infer_imgs : docs/images/inference_deployment/whl_demo.jpg
[2026/01/15 04:07:09] ppcls INFO:     batch_size : 10
[2026/01/15 04:07:09] ppcls INFO:     transforms : 
[2026/01/15 04:07:09] ppcls INFO:         DecodeImage : 
[2026/01/15 04:07:09] ppcls INFO:             to_rgb : True
[2026/01/15 04:07:09] ppcls INFO:             channel_first : False
[2026/01/15 04:07:09] ppcls INFO:         ResizeImage : 
[2026/01/15 04:07:09] ppcls INFO:             resize_short : 256
[2026/01/15 04:07:09] ppcls INFO:         CropImage : 
[2026/01/15 04:07:09] ppcls INFO:             size : 224
[2026/01/15 04:07:09] ppcls INFO:         NormalizeImage : 
[2026/01/15 04:07:09] ppcls INFO:             scale : 1.0/255.0
[2026/01/15 04:07:09] ppcls INFO:             mean : [0.485, 0.456, 0.406]
[2026/01/15 04:07:09] ppcls INFO:             std : [0.229, 0.224, 0.225]
[2026/01/15 04:07:09] ppcls INFO:             order : 
[2026/01/15 04:07:09] ppcls INFO:         ToCHWImage : None
[2026/01/15 04:07:09] ppcls INFO:     PostProcess : 
[2026/01/15 04:07:09] ppcls INFO:         name : Topk
[2026/01/15 04:07:09] ppcls INFO:         topk : 5
[2026/01/15 04:07:09] ppcls INFO:         class_id_map_file : ppcls/utils/imagenet1k_label_list.txt
[2026/01/15 04:07:09] ppcls INFO: ------------------------------------------------------------
[2026/01/15 04:07:09] ppcls INFO: Metric : 
[2026/01/15 04:07:09] ppcls INFO:     Train : 
[2026/01/15 04:07:09] ppcls INFO:         TopkAcc : 
[2026/01/15 04:07:09] ppcls INFO:             topk : [1, 5]
[2026/01/15 04:07:09] ppcls INFO:     Eval : 
[2026/01/15 04:07:09] ppcls INFO:         TopkAcc : 
[2026/01/15 04:07:09] ppcls INFO:             topk : [1, 5]
[2026/01/15 04:07:09] ppcls INFO:     Train[0] : 
[2026/01/15 04:07:09] ppcls INFO:         TopkAcc : 
[2026/01/15 04:07:09] ppcls INFO:             topk : [1, 2, 4]
[2026/01/15 04:07:09] ppcls INFO:     Eval[0] : 
[2026/01/15 04:07:09] ppcls INFO:         TopkAcc : 
[2026/01/15 04:07:09] ppcls INFO:             topk : [1, 2, 4]
[2026/01/15 04:07:09] ppcls INFO: ------------------------------------------------------------
[2026/01/15 04:07:09] ppcls INFO: PostProcess : 
[2026/01/15 04:07:09] ppcls INFO:     topk : 4
[2026/01/15 04:07:09] ppcls INFO: ------------------------------------------------------------
[2026/01/15 04:07:09] ppcls INFO: profiler_options : None
[2026/01/15 04:07:09] ppcls INFO: train with paddle 2.6.2 and device Place(gpu:0)
[2026/01/15 04:08:52] ppcls WARNING: "init_res" will be deprecated, please use "init_net" instead.
[2026/01/15 04:08:52] ppcls WARNING: When 'learning_rate' of Piecewise has beed set, the learning rate scheduler would be set by the rule that lr decay 10 times every 30 epochs. So, the 'decay_epochs' and 'values' have been set to [2] and [0.025, 0.025] respectively.
[2026/01/15 04:08:52] ppcls WARNING: The training strategy provided by PaddleClas is based on 4 gpus. But the number of gpu is 1 in current training. Please modify the stategy (learning rate, batch size and so on) if use this config to train.
[2026/01/15 04:10:43] ppcls WARNING: The output dims(4) is less than k(5), so the Top-5 metric is meaningless.
[2026/01/15 04:10:43] ppcls INFO: [Train][Epoch 1/2][Iter: 0/237]lr(PiecewiseDecay): 0.02500000, top1: 0.28125, top5: 1.00000, CELoss: 1.46480, loss: 1.46480, batch_cost: 111.01092s, reader_cost: 110.58822, ips: 0.28826 samples/s, eta: 14:36:59
[2026/01/15 04:13:05] ppcls INFO: [Train][Epoch 1/2][Iter: 10/237]lr(PiecewiseDecay): 0.02500000, top1: 0.46875, top5: 1.00000, CELoss: 1.32193, loss: 1.32193, batch_cost: 22.84192s, reader_cost: 22.81675, ips: 1.40093 samples/s, eta: 2:56:38
[2026/01/15 04:15:58] ppcls INFO: [Train][Epoch 1/2][Iter: 20/237]lr(PiecewiseDecay): 0.02500000, top1: 0.48810, top5: 1.00000, CELoss: 1.30198, loss: 1.30198, batch_cost: 17.21339s, reader_cost: 17.18960, ips: 1.85902 samples/s, eta: 2:10:14
[2026/01/15 04:18:58] ppcls INFO: [Train][Epoch 1/2][Iter: 30/237]lr(PiecewiseDecay): 0.02500000, top1: 0.47782, top5: 1.00000, CELoss: 1.34992, loss: 1.34992, batch_cost: 18.08215s, reader_cost: 18.05728, ips: 1.76970 samples/s, eta: 2:13:48
[2026/01/15 04:23:45] ppcls INFO: [Train][Epoch 1/2][Iter: 40/237]lr(PiecewiseDecay): 0.02500000, top1: 0.48476, top5: 1.00000, CELoss: 1.42707, loss: 1.42707, batch_cost: 28.63363s, reader_cost: 28.60826, ips: 1.11757 samples/s, eta: 3:27:06
[2026/01/15 04:26:51] ppcls INFO: [Train][Epoch 1/2][Iter: 50/237]lr(PiecewiseDecay): 0.02500000, top1: 0.48346, top5: 1.00000, CELoss: 1.38972, loss: 1.38972, batch_cost: 18.63499s, reader_cost: 18.61170, ips: 1.71720 samples/s, eta: 2:11:41
[2026/01/15 04:29:30] ppcls INFO: [Train][Epoch 1/2][Iter: 60/237]lr(PiecewiseDecay): 0.02500000, top1: 0.48463, top5: 1.00000, CELoss: 1.36876, loss: 1.36876, batch_cost: 15.90677s, reader_cost: 15.88426, ips: 2.01172 samples/s, eta: 1:49:45
[2026/01/15 04:32:06] ppcls INFO: [Train][Epoch 1/2][Iter: 70/237]lr(PiecewiseDecay): 0.02500000, top1: 0.49208, top5: 1.00000, CELoss: 1.35408, loss: 1.35408, batch_cost: 15.62413s, reader_cost: 15.60031, ips: 2.04811 samples/s, eta: 1:45:12
[2026/01/15 04:36:16] ppcls INFO: [Train][Epoch 1/2][Iter: 80/237]lr(PiecewiseDecay): 0.02500000, top1: 0.50309, top5: 1.00000, CELoss: 1.31135, loss: 1.31135, batch_cost: 24.95912s, reader_cost: 24.93521, ips: 1.28210 samples/s, eta: 2:43:53
[2026/01/15 04:39:27] ppcls INFO: [Train][Epoch 1/2][Iter: 90/237]lr(PiecewiseDecay): 0.02500000, top1: 0.51511, top5: 1.00000, CELoss: 1.30515, loss: 1.30515, batch_cost: 19.09751s, reader_cost: 19.07055, ips: 1.67561 samples/s, eta: 2:02:13
[2026/01/15 04:41:58] ppcls INFO: [Train][Epoch 1/2][Iter: 100/237]lr(PiecewiseDecay): 0.02500000, top1: 0.51269, top5: 1.00000, CELoss: 1.32404, loss: 1.32404, batch_cost: 15.08305s, reader_cost: 15.05770, ips: 2.12159 samples/s, eta: 1:34:01
[2026/01/15 04:42:49] ppcls ERROR: Exception occured when parse line: /data/glioma/glioma206.png with msg: OpenCV(4.12.0) /io/opencv/modules/imgcodecs/src/loadsave.cpp:1266: error: (-215:Assertion failed) !buf.empty() in function 'imdecode_'

[2026/01/15 04:44:38] ppcls INFO: [Train][Epoch 1/2][Iter: 110/237]lr(PiecewiseDecay): 0.02500000, top1: 0.51520, top5: 1.00000, CELoss: 1.30379, loss: 1.30379, batch_cost: 16.03459s, reader_cost: 16.00977, ips: 1.99569 samples/s, eta: 1:37:16
[2026/01/15 04:48:57] ppcls INFO: [Train][Epoch 1/2][Iter: 120/237]lr(PiecewiseDecay): 0.02500000, top1: 0.52040, top5: 1.00000, CELoss: 1.31294, loss: 1.31294, batch_cost: 25.91648s, reader_cost: 25.89369, ips: 1.23474 samples/s, eta: 2:32:54
[2026/01/15 04:51:25] ppcls INFO: [Train][Epoch 1/2][Iter: 130/237]lr(PiecewiseDecay): 0.02500000, top1: 0.52099, top5: 1.00000, CELoss: 1.29630, loss: 1.29630, batch_cost: 14.77185s, reader_cost: 14.74433, ips: 2.16628 samples/s, eta: 1:24:41
[2026/01/15 04:53:05] ppcls ERROR: Exception occured when parse line: /data/meningioma/meningioma2089.jpg with msg: OpenCV(4.12.0) /io/opencv/modules/imgcodecs/src/loadsave.cpp:1266: error: (-215:Assertion failed) !buf.empty() in function 'imdecode_'

[2026/01/15 04:54:13] ppcls INFO: [Train][Epoch 1/2][Iter: 140/237]lr(PiecewiseDecay): 0.02500000, top1: 0.52283, top5: 1.00000, CELoss: 1.27949, loss: 1.27949, batch_cost: 16.76506s, reader_cost: 16.74155, ips: 1.90873 samples/s, eta: 1:33:19
[2026/01/15 04:56:33] ppcls INFO: [Train][Epoch 1/2][Iter: 150/237]lr(PiecewiseDecay): 0.02500000, top1: 0.52442, top5: 1.00000, CELoss: 1.27775, loss: 1.27775, batch_cost: 14.01496s, reader_cost: 13.99248, ips: 2.28327 samples/s, eta: 1:15:40
[2026/01/15 05:00:10] ppcls INFO: [Train][Epoch 1/2][Iter: 160/237]lr(PiecewiseDecay): 0.02500000, top1: 0.52834, top5: 1.00000, CELoss: 1.26015, loss: 1.26015, batch_cost: 21.67908s, reader_cost: 21.65573, ips: 1.47608 samples/s, eta: 1:53:27
[2026/01/15 05:03:11] ppcls INFO: [Train][Epoch 1/2][Iter: 170/237]lr(PiecewiseDecay): 0.02500000, top1: 0.52851, top5: 1.00000, CELoss: 1.25098, loss: 1.25098, batch_cost: 18.17837s, reader_cost: 18.15513, ips: 1.76033 samples/s, eta: 1:32:06
[2026/01/15 05:06:46] ppcls INFO: [Train][Epoch 1/2][Iter: 180/237]lr(PiecewiseDecay): 0.02500000, top1: 0.53453, top5: 1.00000, CELoss: 1.23171, loss: 1.23171, batch_cost: 21.41159s, reader_cost: 21.38855, ips: 1.49452 samples/s, eta: 1:44:55
[2026/01/15 05:08:54] ppcls INFO: [Train][Epoch 1/2][Iter: 190/237]lr(PiecewiseDecay): 0.02500000, top1: 0.53959, top5: 1.00000, CELoss: 1.21712, loss: 1.21712, batch_cost: 12.82138s, reader_cost: 12.79658, ips: 2.49583 samples/s, eta: 1:00:41
[2026/01/15 05:12:11] ppcls INFO: [Train][Epoch 1/2][Iter: 200/237]lr(PiecewiseDecay): 0.02500000, top1: 0.54260, top5: 1.00000, CELoss: 1.20464, loss: 1.20464, batch_cost: 19.70965s, reader_cost: 19.68577, ips: 1.62357 samples/s, eta: 1:30:00
[2026/01/15 05:15:02] ppcls INFO: [Train][Epoch 1/2][Iter: 210/237]lr(PiecewiseDecay): 0.02500000, top1: 0.54295, top5: 1.00000, CELoss: 1.19476, loss: 1.19476, batch_cost: 17.09778s, reader_cost: 17.07373, ips: 1.87159 samples/s, eta: 1:15:13
[2026/01/15 05:17:31] ppcls ERROR: Exception occured when parse line: /data/meningioma/meningioma418.png with msg: OpenCV(4.12.0) /io/opencv/modules/imgcodecs/src/loadsave.cpp:1266: error: (-215:Assertion failed) !buf.empty() in function 'imdecode_'

[2026/01/15 05:18:04] ppcls INFO: [Train][Epoch 1/2][Iter: 220/237]lr(PiecewiseDecay): 0.02500000, top1: 0.54638, top5: 1.00000, CELoss: 1.18305, loss: 1.18305, batch_cost: 18.24782s, reader_cost: 18.22390, ips: 1.75363 samples/s, eta: 1:17:14
[2026/01/15 05:20:07] ppcls INFO: [Train][Epoch 1/2][Iter: 230/237]lr(PiecewiseDecay): 0.02500000, top1: 0.55114, top5: 1.00000, CELoss: 1.16907, loss: 1.16907, batch_cost: 12.27288s, reader_cost: 12.24603, ips: 2.60737 samples/s, eta: 0:49:54
[2026/01/15 05:22:20] ppcls INFO: [Train][Epoch 1/2][Avg]top1: 0.55109, top5: 1.00000, CELoss: 1.16536, loss: 1.16536
[2026/01/15 05:24:56] ppcls WARNING: The output dims(4) is less than k(5), so the Top-5 metric is meaningless.
[2026/01/15 05:24:56] ppcls INFO: [Eval][Epoch 1][Iter: 0/25]CELoss: 0.86612, loss: 0.86612, top1: 0.75000, top5: 1.00000, batch_cost: 155.94860s, reader_cost: 155.91547, ips: 0.20520 images/sec
[2026/01/15 05:27:12] ppcls INFO: [Eval][Epoch 1][Iter: 10/25]CELoss: 0.88293, loss: 0.88293, top1: 0.67614, top5: 1.00000, batch_cost: 22.74392s, reader_cost: 22.73547, ips: 1.40697 images/sec
[2026/01/15 05:29:28] ppcls INFO: [Eval][Epoch 1][Iter: 20/25]CELoss: 0.79929, loss: 0.79929, top1: 0.67560, top5: 1.00000, batch_cost: 16.97778s, reader_cost: 16.96907, ips: 1.88482 images/sec
[2026/01/15 05:31:26] ppcls INFO: [Eval][Epoch 1][Avg]CELoss: 0.96138, loss: 0.96138, top1: 0.67250, top5: 1.00000
[2026/01/15 05:31:26] ppcls INFO: [Eval][Epoch 1][best metric: 0.6725000143051147]
[2026/01/15 05:31:26] ppcls INFO: Already save model in ./output/best_model
[2026/01/15 05:31:26] ppcls INFO: Already save model in ./output/epoch_1
[2026/01/15 05:31:27] ppcls INFO: Already save model in ./output/latest
[2026/01/15 05:33:23] ppcls INFO: [Train][Epoch 2/2][Iter: 0/237]lr(PiecewiseDecay): 0.02500000, top1: 0.62500, top5: 1.00000, CELoss: 0.93247, loss: 0.93247, batch_cost: 35.57791s, reader_cost: 35.54651, ips: 0.89943 samples/s, eta: 2:20:31
[2026/01/15 05:35:26] ppcls INFO: [Train][Epoch 2/2][Iter: 10/237]lr(PiecewiseDecay): 0.02500000, top1: 0.60795, top5: 1.00000, CELoss: 0.98874, loss: 0.98874, batch_cost: 19.04799s, reader_cost: 19.01729, ips: 1.67997 samples/s, eta: 1:12:03
[2026/01/15 05:36:34] ppcls INFO: [Train][Epoch 2/2][Iter: 20/237]lr(PiecewiseDecay): 0.02500000, top1: 0.61012, top5: 1.00000, CELoss: 0.97987, loss: 0.97987, batch_cost: 6.77759s, reader_cost: 6.74986, ips: 4.72145 samples/s, eta: 0:24:30
[2026/01/15 05:38:44] ppcls INFO: [Train][Epoch 2/2][Iter: 30/237]lr(PiecewiseDecay): 0.02500000, top1: 0.61492, top5: 1.00000, CELoss: 0.95867, loss: 0.95867, batch_cost: 13.01516s, reader_cost: 12.98577, ips: 2.45867 samples/s, eta: 0:44:54
[2026/01/15 05:41:00] ppcls INFO: [Train][Epoch 2/2][Iter: 40/237]lr(PiecewiseDecay): 0.02500000, top1: 0.61966, top5: 1.00000, CELoss: 0.94141, loss: 0.94141, batch_cost: 13.64974s, reader_cost: 13.62430, ips: 2.34437 samples/s, eta: 0:44:48
[2026/01/15 05:42:44] ppcls INFO: [Train][Epoch 2/2][Iter: 50/237]lr(PiecewiseDecay): 0.02500000, top1: 0.61703, top5: 1.00000, CELoss: 0.94396, loss: 0.94396, batch_cost: 10.33090s, reader_cost: 10.30801, ips: 3.09750 samples/s, eta: 0:32:11
[2026/01/15 05:43:43] ppcls ERROR: Exception occured when parse line: /data/meningioma/meningioma418.png with msg: OpenCV(4.12.0) /io/opencv/modules/imgcodecs/src/loadsave.cpp:1266: error: (-215:Assertion failed) !buf.empty() in function 'imdecode_'

[2026/01/15 05:43:43] ppcls INFO: [Train][Epoch 2/2][Iter: 60/237]lr(PiecewiseDecay): 0.02500000, top1: 0.62346, top5: 1.00000, CELoss: 0.94540, loss: 0.94540, batch_cost: 5.96942s, reader_cost: 5.94674, ips: 5.36066 samples/s, eta: 0:17:36
[2026/01/15 05:45:43] ppcls INFO: [Train][Epoch 2/2][Iter: 70/237]lr(PiecewiseDecay): 0.02500000, top1: 0.62060, top5: 1.00000, CELoss: 0.95760, loss: 0.95760, batch_cost: 11.97289s, reader_cost: 11.94888, ips: 2.67271 samples/s, eta: 0:33:19
[2026/01/15 05:47:43] ppcls INFO: [Train][Epoch 2/2][Iter: 80/237]lr(PiecewiseDecay): 0.02500000, top1: 0.62307, top5: 1.00000, CELoss: 0.95926, loss: 0.95926, batch_cost: 11.96793s, reader_cost: 11.94373, ips: 2.67381 samples/s, eta: 0:31:18
[2026/01/15 05:48:44] ppcls ERROR: Exception occured when parse line: /data/meningioma/meningioma2089.jpg with msg: OpenCV(4.12.0) /io/opencv/modules/imgcodecs/src/loadsave.cpp:1266: error: (-215:Assertion failed) !buf.empty() in function 'imdecode_'

[2026/01/15 05:49:52] ppcls INFO: [Train][Epoch 2/2][Iter: 90/237]lr(PiecewiseDecay): 0.02500000, top1: 0.62431, top5: 1.00000, CELoss: 0.95703, loss: 0.95703, batch_cost: 12.89987s, reader_cost: 12.87347, ips: 2.48064 samples/s, eta: 0:31:36
[2026/01/15 05:50:51] ppcls INFO: [Train][Epoch 2/2][Iter: 100/237]lr(PiecewiseDecay): 0.02500000, top1: 0.62933, top5: 1.00000, CELoss: 0.94776, loss: 0.94776, batch_cost: 5.94472s, reader_cost: 5.91754, ips: 5.38293 samples/s, eta: 0:13:34
[2026/01/15 05:52:51] ppcls INFO: [Train][Epoch 2/2][Iter: 110/237]lr(PiecewiseDecay): 0.02500000, top1: 0.63260, top5: 1.00000, CELoss: 0.93817, loss: 0.93817, batch_cost: 11.93509s, reader_cost: 11.90748, ips: 2.68117 samples/s, eta: 0:25:15
[2026/01/15 05:56:09] ppcls INFO: [Train][Epoch 2/2][Iter: 120/237]lr(PiecewiseDecay): 0.02500000, top1: 0.63171, top5: 1.00000, CELoss: 0.93433, loss: 0.93433, batch_cost: 19.84457s, reader_cost: 19.82153, ips: 1.61253 samples/s, eta: 0:38:41
[2026/01/15 05:58:31] ppcls INFO: [Train][Epoch 2/2][Iter: 130/237]lr(PiecewiseDecay): 0.02500000, top1: 0.63216, top5: 1.00000, CELoss: 0.93210, loss: 0.93210, batch_cost: 14.21878s, reader_cost: 14.19581, ips: 2.25054 samples/s, eta: 0:25:21
[2026/01/15 06:00:41] ppcls INFO: [Train][Epoch 2/2][Iter: 140/237]lr(PiecewiseDecay): 0.02500000, top1: 0.63409, top5: 1.00000, CELoss: 0.92310, loss: 0.92310, batch_cost: 13.00466s, reader_cost: 12.98180, ips: 2.46066 samples/s, eta: 0:21:01
[2026/01/15 06:03:01] ppcls INFO: [Train][Epoch 2/2][Iter: 150/237]lr(PiecewiseDecay): 0.02500000, top1: 0.63369, top5: 1.00000, CELoss: 0.91695, loss: 0.91695, batch_cost: 13.93456s, reader_cost: 13.90913, ips: 2.29645 samples/s, eta: 0:20:12
[2026/01/15 06:07:02] ppcls INFO: [Train][Epoch 2/2][Iter: 160/237]lr(PiecewiseDecay): 0.02500000, top1: 0.63606, top5: 1.00000, CELoss: 0.91873, loss: 0.91873, batch_cost: 24.16427s, reader_cost: 24.13974, ips: 1.32427 samples/s, eta: 0:31:00
[2026/01/15 06:09:15] ppcls INFO: [Train][Epoch 2/2][Iter: 170/237]lr(PiecewiseDecay): 0.02500000, top1: 0.63944, top5: 1.00000, CELoss: 0.91386, loss: 0.91386, batch_cost: 13.22981s, reader_cost: 13.20364, ips: 2.41878 samples/s, eta: 0:14:46
[2026/01/15 06:12:11] ppcls INFO: [Train][Epoch 2/2][Iter: 180/237]lr(PiecewiseDecay): 0.02500000, top1: 0.64054, top5: 1.00000, CELoss: 0.90806, loss: 0.90806, batch_cost: 17.67483s, reader_cost: 17.65218, ips: 1.81048 samples/s, eta: 0:16:47
[2026/01/15 06:14:22] ppcls INFO: [Train][Epoch 2/2][Iter: 190/237]lr(PiecewiseDecay): 0.02500000, top1: 0.64005, top5: 1.00000, CELoss: 0.90680, loss: 0.90680, batch_cost: 13.08799s, reader_cost: 13.05983, ips: 2.44499 samples/s, eta: 0:10:15
[2026/01/15 06:18:09] ppcls INFO: [Train][Epoch 2/2][Iter: 200/237]lr(PiecewiseDecay): 0.02500000, top1: 0.64210, top5: 1.00000, CELoss: 0.90185, loss: 0.90185, batch_cost: 22.69185s, reader_cost: 22.66474, ips: 1.41020 samples/s, eta: 0:13:59
[2026/01/15 06:20:34] ppcls INFO: [Train][Epoch 2/2][Iter: 210/237]lr(PiecewiseDecay): 0.02500000, top1: 0.64366, top5: 1.00000, CELoss: 0.89629, loss: 0.89629, batch_cost: 14.47594s, reader_cost: 14.45109, ips: 2.21056 samples/s, eta: 0:06:30
[2026/01/15 06:21:33] ppcls ERROR: Exception occured when parse line: /data/glioma/glioma206.png with msg: OpenCV(4.12.0) /io/opencv/modules/imgcodecs/src/loadsave.cpp:1266: error: (-215:Assertion failed) !buf.empty() in function 'imdecode_'

[2026/01/15 06:23:17] ppcls INFO: [Train][Epoch 2/2][Iter: 220/237]lr(PiecewiseDecay): 0.02500000, top1: 0.64352, top5: 1.00000, CELoss: 0.89566, loss: 0.89566, batch_cost: 16.30394s, reader_cost: 16.27976, ips: 1.96272 samples/s, eta: 0:04:37
[2026/01/15 06:25:42] ppcls INFO: [Train][Epoch 2/2][Iter: 230/237]lr(PiecewiseDecay): 0.02500000, top1: 0.64286, top5: 1.00000, CELoss: 0.89681, loss: 0.89681, batch_cost: 14.56057s, reader_cost: 14.53567, ips: 2.19772 samples/s, eta: 0:01:41
[2026/01/15 06:27:49] ppcls INFO: [Train][Epoch 2/2][Avg]top1: 0.64336, top5: 1.00000, CELoss: 0.89577, loss: 0.89577
[2026/01/15 06:30:18] ppcls INFO: [Eval][Epoch 2][Iter: 0/25]CELoss: 0.51850, loss: 0.51850, top1: 0.81250, top5: 1.00000, batch_cost: 149.48384s, reader_cost: 149.47185, ips: 0.21407 images/sec
[2026/01/15 06:32:50] ppcls INFO: [Eval][Epoch 2][Iter: 10/25]CELoss: 0.50324, loss: 0.50324, top1: 0.84091, top5: 1.00000, batch_cost: 24.35859s, reader_cost: 24.34210, ips: 1.31370 images/sec
[2026/01/15 06:34:49] ppcls INFO: [Eval][Epoch 2][Iter: 20/25]CELoss: 0.54260, loss: 0.54260, top1: 0.80060, top5: 1.00000, batch_cost: 16.60540s, reader_cost: 16.59306, ips: 1.92708 images/sec
[2026/01/15 06:36:53] ppcls INFO: [Eval][Epoch 2][Avg]CELoss: 0.58188, loss: 0.58188, top1: 0.80750, top5: 1.00000
[2026/01/15 06:36:53] ppcls INFO: [Eval][Epoch 2][best metric: 0.8075000047683716]
[2026/01/15 06:36:53] ppcls INFO: Already save model in ./output/best_model
[2026/01/15 06:36:53] ppcls INFO: Already save model in ./output/epoch_2
[2026/01/15 06:36:53] ppcls INFO: Already save model in ./output/latest
